 Entering Link 1 = C:\G09W\l1.exe PID=     21052.
  
 Copyright (c) 1988,1990,1992,1993,1995,1998,2003,2009, Gaussian, Inc.
                  All Rights Reserved.
  
 This is part of the Gaussian(R) 09 program.  It is based on
 the Gaussian(R) 03 system (copyright 2003, Gaussian, Inc.),
 the Gaussian(R) 98 system (copyright 1998, Gaussian, Inc.),
 the Gaussian(R) 94 system (copyright 1995, Gaussian, Inc.),
 the Gaussian 92(TM) system (copyright 1992, Gaussian, Inc.),
 the Gaussian 90(TM) system (copyright 1990, Gaussian, Inc.),
 the Gaussian 88(TM) system (copyright 1988, Gaussian, Inc.),
 the Gaussian 86(TM) system (copyright 1986, Carnegie Mellon
 University), and the Gaussian 82(TM) system (copyright 1983,
 Carnegie Mellon University). Gaussian is a federally registered
 trademark of Gaussian, Inc.
  
 This software contains proprietary and confidential information,
 including trade secrets, belonging to Gaussian, Inc.
  
 This software is provided under written license and may be
 used, copied, transmitted, or stored only in accord with that
 written license.
  
 The following legend is applicable only to US Government
 contracts under FAR:
  
                    RESTRICTED RIGHTS LEGEND
  
 Use, reproduction and disclosure by the US Government is
 subject to restrictions as set forth in subparagraphs (a)
 and (c) of the Commercial Computer Software - Restricted
 Rights clause in FAR 52.227-19.
  
 Gaussian, Inc.
 340 Quinnipiac St., Bldg. 40, Wallingford CT 06492
  
  
 ---------------------------------------------------------------
 Warning -- This program may not be used in any manner that
 competes with the business of Gaussian, Inc. or will provide
 assistance to any competitor of Gaussian, Inc.  The licensee
 of this program is prohibited from giving any competitor of
 Gaussian, Inc. access to this program.  By using this program,
 the user acknowledges that Gaussian, Inc. is engaged in the
 business of creating and licensing software in the field of
 computational chemistry and represents and warrants to the
 licensee that it is not a competitor of Gaussian, Inc. and that
 it will not use this program in any manner prohibited above.
 ---------------------------------------------------------------
  

 Cite this work as:
 Gaussian 09, Revision A.02,
 M. J. Frisch, G. W. Trucks, H. B. Schlegel, G. E. Scuseria, 
 M. A. Robb, J. R. Cheeseman, G. Scalmani, V. Barone, B. Mennucci, 
 G. A. Petersson, H. Nakatsuji, M. Caricato, X. Li, H. P. Hratchian, 
 A. F. Izmaylov, J. Bloino, G. Zheng, J. L. Sonnenberg, M. Hada, 
 M. Ehara, K. Toyota, R. Fukuda, J. Hasegawa, M. Ishida, T. Nakajima, 
 Y. Honda, O. Kitao, H. Nakai, T. Vreven, J. A. Montgomery, Jr., 
 J. E. Peralta, F. Ogliaro, M. Bearpark, J. J. Heyd, E. Brothers, 
 K. N. Kudin, V. N. Staroverov, R. Kobayashi, J. Normand, 
 K. Raghavachari, A. Rendell, J. C. Burant, S. S. Iyengar, J. Tomasi, 
 M. Cossi, N. Rega, J. M. Millam, M. Klene, J. E. Knox, J. B. Cross, 
 V. Bakken, C. Adamo, J. Jaramillo, R. Gomperts, R. E. Stratmann, 
 O. Yazyev, A. J. Austin, R. Cammi, C. Pomelli, J. W. Ochterski, 
 R. L. Martin, K. Morokuma, V. G. Zakrzewski, G. A. Voth, 
 P. Salvador, J. J. Dannenberg, S. Dapprich, A. D. Daniels, 
 O. Farkas, J. B. Foresman, J. V. Ortiz, J. Cioslowski, 
 and D. J. Fox, Gaussian, Inc., Wallingford CT, 2009.
 
 ******************************************
 Gaussian 09:  IA32W-G09RevA.02 11-Jun-2009
                09-Jul-2025 
 ******************************************
 %chk=N-BAP-point-1chg-10states.chk
 ----------------------------------------------------------------------
 # td=(singlets,nstates=10) ub3lyp/6-311++g(d,p) scrf=(cpcm,solvent=wat
 er) geom=connectivity
 ----------------------------------------------------------------------
 1/38=1,57=2/1;
 2/12=2,17=6,18=5,40=1/2;
 3/5=4,6=6,7=1111,11=2,16=1,25=1,30=1,70=2101,72=1,74=-5,116=2/1,2,8,3;
 4//1;
 5/5=2,38=5,53=1/2;
 8/6=1,10=2,108=10/1;
 9/41=10,42=1,48=1/14;
 6/7=2,8=2,9=2,10=2/1;
 99/5=1,9=1/99;
 --------------------------
 N-BAP Opt+Freq (DFT B3lyp)
 --------------------------
 Symbolic Z-matrix:
 Charge =  1 Multiplicity = 1
 C                     2.35943  -0.80329   0.1419 
 C                    -0.01178  -0.63699   0.09987 
 C                     0.0092    0.73245  -0.14765 
 C                     1.27809   1.36538  -0.23737 
 C                     2.46196   0.54458  -0.09808 
 C                    -1.24332   1.39759  -0.26313 
 C                    -2.45916   0.61208  -0.13979 
 C                    -2.39135  -0.73285   0.12485 
 C                    -1.18542   2.78676  -0.47342 
 C                     0.05087   3.42934  -0.55464 
 C                     1.26656   2.75421  -0.43918 
 H                    -2.08982   3.37272  -0.55912 
 H                     0.06758   4.50286  -0.70766 
 H                     2.18979   3.31483  -0.49537 
 C                     3.53247  -1.74696   0.25575 
 H                     4.37784  -1.21595   0.69042 
 H                     3.2948   -2.54806   0.95886 
 C                     3.94274  -2.35295  -1.0992 
 H                     4.25061  -1.57224  -1.79868 
 H                     4.7814   -3.03899  -0.95965 
 H                     3.12242  -2.9111   -1.55614 
 C                     3.81191   1.24194  -0.19794 
 H                     4.61048   0.51419  -0.44102 
 H                     3.79714   1.92     -1.07022 
 C                     4.43956   1.92372   1.08336 
 H                     4.98525   2.82996   0.82461 
 H                     3.71358   2.18213   1.86382 
 H                     5.16047   1.23459   1.53455 
 C                    -3.84049   1.32671  -0.25133 
 H                    -3.73511   2.09964  -1.03918 
 H                    -4.54416   0.63195  -0.74736 
 C                    -4.3605    1.89357   1.10336 
 H                    -4.36076   1.10397   1.86198 
 H                    -3.73614   2.71733   1.46664 
 H                    -5.37937   2.28392   1.03855 
 C                    -3.58565  -1.64387   0.26774 
 H                    -4.43264  -1.0723    0.64651 
 H                    -3.3759   -2.40232   1.02459 
 C                    -3.97561  -2.32476  -1.0583 
 H                    -4.82692  -2.99028  -0.89785 
 H                    -4.25666  -1.58409  -1.81082 
 H                    -3.15452  -2.91922  -1.46518 
 N                     1.0991   -1.37179   0.26142 
 N                    -1.14639  -1.3429    0.23127 
 C                    -0.8148   -2.73302   0.63827 
 H                    -1.30767  -3.45676  -0.00536 
 H                    -1.12878  -2.89141   1.66941 
 C                     0.72739  -2.79005   0.49311 
 H                     1.03397  -3.3951   -0.3593 
 H                     1.20161  -3.16894   1.39493 
 
                          Input orientation:                          
 ---------------------------------------------------------------------
 Center     Atomic      Atomic             Coordinates (Angstroms)
 Number     Number       Type             X           Y           Z
 ---------------------------------------------------------------------
      1          6           0        2.359425   -0.803294    0.141902
      2          6           0       -0.011782   -0.636988    0.099873
      3          6           0        0.009203    0.732446   -0.147645
      4          6           0        1.278094    1.365377   -0.237366
      5          6           0        2.461956    0.544584   -0.098082
      6          6           0       -1.243316    1.397586   -0.263129
      7          6           0       -2.459162    0.612080   -0.139787
      8          6           0       -2.391345   -0.732853    0.124845
      9          6           0       -1.185417    2.786762   -0.473418
     10          6           0        0.050868    3.429338   -0.554637
     11          6           0        1.266563    2.754212   -0.439179
     12          1           0       -2.089816    3.372718   -0.559117
     13          1           0        0.067579    4.502864   -0.707660
     14          1           0        2.189794    3.314829   -0.495366
     15          6           0        3.532470   -1.746962    0.255754
     16          1           0        4.377842   -1.215947    0.690416
     17          1           0        3.294796   -2.548061    0.958862
     18          6           0        3.942739   -2.352948   -1.099197
     19          1           0        4.250609   -1.572240   -1.798684
     20          1           0        4.781395   -3.038991   -0.959648
     21          1           0        3.122416   -2.911101   -1.556137
     22          6           0        3.811909    1.241941   -0.197943
     23          1           0        4.610475    0.514185   -0.441015
     24          1           0        3.797139    1.920001   -1.070216
     25          6           0        4.439557    1.923716    1.083360
     26          1           0        4.985254    2.829960    0.824612
     27          1           0        3.713575    2.182126    1.863816
     28          1           0        5.160470    1.234590    1.534546
     29          6           0       -3.840491    1.326705   -0.251330
     30          1           0       -3.735114    2.099639   -1.039178
     31          1           0       -4.544156    0.631952   -0.747364
     32          6           0       -4.360502    1.893573    1.103359
     33          1           0       -4.360759    1.103969    1.861982
     34          1           0       -3.736143    2.717325    1.466641
     35          1           0       -5.379369    2.283917    1.038548
     36          6           0       -3.585654   -1.643868    0.267739
     37          1           0       -4.432635   -1.072295    0.646508
     38          1           0       -3.375899   -2.402315    1.024594
     39          6           0       -3.975610   -2.324759   -1.058301
     40          1           0       -4.826918   -2.990284   -0.897850
     41          1           0       -4.256662   -1.584093   -1.810818
     42          1           0       -3.154520   -2.919215   -1.465176
     43          7           0        1.099096   -1.371786    0.261420
     44          7           0       -1.146386   -1.342895    0.231269
     45          6           0       -0.814801   -2.733020    0.638267
     46          1           0       -1.307673   -3.456763   -0.005364
     47          1           0       -1.128778   -2.891407    1.669406
     48          6           0        0.727387   -2.790054    0.493112
     49          1           0        1.033967   -3.395095   -0.359296
     50          1           0        1.201608   -3.168938    1.394932
 ---------------------------------------------------------------------
                    Distance matrix (angstroms):
                    1          2          3          4          5
     1  C    0.000000
     2  C    2.377403   0.000000
     3  C    2.822389   1.391781   0.000000
     4  C    2.452806   2.405613   1.420822   0.000000
     5  C    1.372909   2.748577   2.460436   1.447284   0.000000
     6  C    4.241187   2.405813   1.422867   2.521747   3.805771
     7  C    5.030051   2.758129   2.471310   3.813668   4.921758
     8  C    4.751323   2.381624   2.825594   4.242470   5.023552
     9  C    5.082620   3.664443   2.398637   2.853935   4.297856
    10  C    4.871322   4.119140   2.727747   2.422123   3.787294
    11  C    3.766676   3.664012   2.398642   1.403469   2.535304
    12  H    6.142170   4.564015   3.397974   3.933924   5.378617
    13  H    5.842057   5.203507   3.812227   3.395637   4.666113
    14  H    4.170590   4.562686   3.397733   2.167516   2.811790
    15  C    1.509803   3.717266   4.327078   3.874536   2.553896
    16  H    2.131937   4.466848   4.856294   4.139136   2.718790
    17  H    2.141624   3.914527   4.772966   4.562132   3.372715
    18  C    2.539417   4.474430   5.088989   4.655000   3.404503
    19  H    2.816688   4.758907   5.101670   4.461295   3.251503
    20  H    3.475297   5.465048   6.136522   5.673911   4.354779
    21  H    2.812177   4.211550   4.995136   4.840346   3.808397
    22  C    2.531440   4.270794   3.837016   2.537126   1.522712
    23  H    2.672596   4.794061   4.615778   3.445397   2.175928
    24  H    3.309469   4.734467   4.075522   2.710504   2.149309
    25  C    3.556666   5.228659   4.750004   3.471442   2.684905
    26  H    4.534491   6.124977   5.486887   4.125026   3.527228
    27  H    3.702897   4.993714   4.457569   3.318676   2.845547
    28  H    3.733401   5.684477   5.442193   4.269616   3.228554
    29  C    6.567380   4.317227   3.896670   5.118750   6.352640
    30  H    6.853129   4.759177   4.084600   5.129746   6.458137
    31  H    7.107050   4.782304   4.593783   5.890382   7.036676
    32  C    7.304445   5.130506   4.691220   5.819820   7.057561
    33  H    7.194248   5.004954   4.824230   6.022646   7.120688
    34  H    7.162796   5.195222   4.535778   5.465709   6.751710
    35  H    8.379963   6.182539   5.731564   6.840576   8.111941
    36  C    6.005528   3.716793   4.329250   5.741666   6.441796
    37  H    6.816089   4.475739   4.859804   6.271834   7.120681
    38  H    6.019132   3.910086   4.760230   6.119452   6.635146
    39  C    6.624803   4.461151   5.104364   6.472437   7.113185
    40  H    7.583372   5.451512   6.148951   7.528559   8.140185
    41  H    6.942289   4.750448   5.131287   6.465961   7.252900
    42  H    6.120736   4.187450   5.007960   6.285962   6.738817
    43  N    1.387767   1.341669   2.404785   2.787990   2.378887
    44  N    3.548220   1.342720   2.405411   3.665032   4.085484
    45  C    3.747790   2.308259   3.647752   4.684421   4.692764
    46  H    4.528818   3.105083   4.393618   5.476591   5.498134
    47  H    4.342930   2.965387   4.210580   5.248716   5.274791
    48  C    2.595017   2.310130   3.651625   4.254936   3.805003
    49  H    2.953891   2.985227   4.258114   4.768287   4.198625
    50  H    2.916658   3.091968   4.361441   4.819778   4.196167
                    6          7          8          9         10
     6  C    0.000000
     7  C    1.452761   0.000000
     8  C    2.450972   1.372397   0.000000
     9  C    1.406195   2.542239   3.768272   0.000000
    10  C    2.426501   3.795958   4.873390   1.395672   0.000000
    11  C    2.858482   4.308061   5.085080   2.452435   1.395364
    12  H    2.169174   2.816625   4.173061   1.081030   2.141437
    13  H    3.399824   4.673874   5.843980   2.137726   1.084506
    14  H    3.939035   5.389256   6.144528   3.416341   2.142809
    15  C    5.741564   6.451448   6.011417   6.583677   6.290657
    16  H    6.271939   7.125696   6.809930   6.951693   6.469276
    17  H    6.136436   6.655941   6.026837   7.112248   6.967284
    18  C    6.454509   7.120126   6.651587   7.287400   6.991283
    19  H    6.431252   7.248739   6.965636   7.092786   6.648403
    20  H    7.514353   8.150347   7.612003   8.353362   8.023790
    21  H    6.268674   6.750768   6.162145   7.224635   7.116079
    22  C    5.058041   6.302891   6.518003   5.237903   4.365474
    23  H    5.922745   7.076729   7.134479   6.225594   5.413044
    24  H    5.131325   6.458921   6.838358   5.092476   4.071666
    25  C    5.863863   7.128029   7.391707   5.899893   4.920419
    26  H    6.483052   7.827413   8.221771   6.305865   5.158464
    27  H    5.450703   6.676987   6.985068   5.461536   4.562880
    28  H    6.653321   7.826219   7.930195   6.834577   5.940508
    29  C    2.598169   1.559231   2.546235   3.038175   4.433479
    30  H    2.702626   2.156337   3.344200   2.700588   4.041848
    31  H    3.422897   2.171807   2.694074   3.999923   5.383006
    32  C    3.439497   2.608204   3.425373   3.655841   4.956583
    33  H    3.784278   2.804479   3.204708   4.285870   5.541646
    34  H    3.308776   2.939957   3.938607   3.205441   4.351319
    35  H    4.425707   3.565266   4.343275   4.486438   5.773881
    36  C    3.875411   2.554283   1.508887   5.093224   6.295873
    37  H    4.135155   2.711084   2.134061   5.166331   6.466007
    38  H    4.543720   3.358983   2.136820   5.828273   6.945853
    39  C    4.685465   3.430496   2.538483   5.852770   7.041011
    40  H    5.700744   4.376980   3.474754   6.842144   8.069829
    41  H    4.512871   3.293407   2.819718   5.506865   6.728097
    42  H    4.871590   3.835391   2.809054   6.117117   7.169918
    43  N    3.664897   4.093640   3.551066   4.801303   4.981518
    44  N    2.786406   2.383902   1.390468   4.189531   4.982497
    45  C    4.249476   3.807753   2.598030   5.642800   6.336171
    46  H    4.861614   4.230778   2.934448   6.262238   7.040293
    47  H    4.705664   4.161433   2.939235   6.069309   6.803657
    48  C    4.689552   4.704165   3.754222   5.974435   6.343208
    49  H    5.307076   5.320487   4.365167   6.569174   6.897647
    50  H    5.438746   5.482034   4.522935   6.682738   6.975835
                   11         12         13         14         15
    11  C    0.000000
    12  H    3.414999   0.000000
    13  H    2.137154   2.440010   0.000000
    14  H    1.081575   4.280476   2.441371   0.000000
    15  C    5.087026   7.647564   7.210684   5.290434   0.000000
    16  H    5.168966   8.027937   7.296423   5.169290   1.088835
    17  H    5.846567   8.145792   7.931442   6.140789   1.092067
    18  C    5.803501   8.334666   7.884943   5.963315   1.539945
    19  H    5.428717   8.135731   7.456203   5.461597   2.183338
    20  H    6.796038   9.406592   8.897367   6.877716   2.169413
    21  H    6.065275   8.224828   8.063425   6.384138   2.192330
    22  C    2.970513   6.284983   4.991336   2.648883   3.036028
    23  H    4.024857   7.285538   6.051327   3.702196   2.600071
    24  H    2.738235   6.085051   4.551071   2.204440   3.908307
    25  C    3.616039   6.886948   5.382745   3.080423   3.870609
    26  H    3.928303   7.229516   5.415717   3.129223   4.835535
    27  H    3.408656   6.400583   5.029076   3.028310   4.249282
    28  H    4.622483   7.843575   6.453421   4.156062   3.629786
    29  C    5.306135   2.710307   5.056603   6.354253   8.004069
    30  H    5.079886   2.134993   4.510639   6.072640   8.324119
    31  H    6.193821   3.683887   6.021099   7.253097   8.479231
    32  C    5.897795   3.179263   5.449412   6.890738   8.733323
    33  H    6.299635   4.020712   6.145382   7.304433   8.544638
    34  H    5.353557   2.691399   4.731177   6.270822   8.615616
    35  H    6.824461   3.815649   6.135325   7.791527   9.812320
    36  C    6.586870   5.299751   7.216636   7.650281   7.118881
    37  H    6.949945   5.167250   7.291646   8.025416   8.003172
    38  H    7.091182   6.124798   7.908207   8.122374   6.981845
    39  C    7.325274   6.022180   7.942718   8.374608   7.644073
    40  H    8.386902   6.935003   8.952069   9.441964   8.529714
    41  H    7.155997   5.552653   7.547653   8.202844   8.060262
    42  H    7.265426   6.445383   8.126685   8.268345   7.003686
    43  N    4.188406   5.775185   6.042736   4.871007   2.462133
    44  N    4.801886   4.873579   6.043856   5.775161   4.696335
    45  C    5.966798   6.351333   7.412701   6.847568   4.474080
    46  H    6.737292   6.896390   8.108033   7.637201   5.139901
    47  H    6.485122   6.717825   7.858559   7.363187   5.003539
    48  C    5.647899   6.857374   7.420502   6.354944   3.002144
    49  H    6.154223   7.456624   7.964485   6.810105   3.055674
    50  H    6.200959   7.579251   8.035139   6.825612   2.958489
                   16         17         18         19         20
    16  H    0.000000
    17  H    1.737694   0.000000
    18  C    2.164440   2.166450   0.000000
    19  H    2.517688   3.077315   1.092507   0.000000
    20  H    2.491798   2.476221   1.092462   1.771179   0.000000
    21  H    3.081662   2.546907   1.092364   1.767540   1.767588
    22  C    2.674075   3.996213   3.708450   3.267177   4.454938
    23  H    2.080291   3.614971   3.016542   2.515142   3.594893
    24  H    3.642967   4.932858   4.275527   3.596116   5.056935
    25  C    3.164759   4.617658   4.827032   4.534709   5.377657
    26  H    4.093449   5.639041   5.625870   5.176944   6.137567
    27  H    3.655820   4.834148   5.422071   5.272341   6.030941
    28  H    2.707433   4.256830   4.614098   4.451580   4.962680
    29  C    8.654072   8.209184   8.650861   8.732931   9.690095
    30  H    8.933345   8.661000   8.875729   8.822206   9.946998
    31  H    9.224098   8.629766   9.003377   9.127520  10.024310
    32  C    9.284304   8.851699   9.582693   9.725479  10.590584
    33  H    9.116892   8.529975   9.469263   9.732329  10.426154
    34  H    9.050409   8.798649   9.552823   9.635918  10.562694
    35  H   10.371760   9.929527  10.628837  10.754362  11.643336
    36  C    7.986178   6.973938   7.684270   8.104459   8.570902
    37  H    8.811757   7.873286   8.650691   9.034801   9.557509
    38  H    7.851092   6.672611   7.620721   8.174567   8.419265
    39  C    8.606256   7.548352   7.918505   8.293680   8.786637
    40  H    9.507811   8.342972   8.795091   9.231676   9.608635
    41  H    8.997020   8.100918   8.266058   8.507288   9.193894
    42  H    8.017741   6.899811   7.129213   7.534023   7.952902
    43  N    3.310362   2.586725   3.301555   3.770444   4.222547
    44  N    5.544730   4.658961   5.356262   5.770690   6.279619
    45  C    5.409970   4.126231   5.079116   5.739732   5.827895
    46  H    6.150646   4.789383   5.475555   6.136931   6.177535
    47  H    5.838532   4.493414   5.803050   6.534956   6.470228
    48  C    3.980272   2.620510   3.614554   4.375899   4.313637
    49  H    4.126994   2.750701   3.177181   3.967546   3.811883
    50  H    3.794599   2.226450   3.794775   4.695214   4.286701
                   21         22         23         24         25
    21  H    0.000000
    22  C    4.423556   0.000000
    23  H    3.897486   1.107439   0.000000
    24  H    4.902134   1.104918   1.741760   0.000000
    25  C    5.663679   1.581296   2.083197   2.247355   0.000000
    26  H    6.488290   2.223547   2.665537   2.414543   1.089043
    27  H    6.163320   2.268142   2.983069   2.946903   1.096785
    28  H    5.558124   2.195493   2.173550   3.018815   1.094614
    29  C    8.254913   7.653056   8.492055   7.704282   8.408152
    30  H    8.508847   7.642047   8.515886   7.534459   8.447565
    31  H    8.484319   8.396295   9.160512   8.446331   9.258904
    32  C    9.281803   8.300983   9.206858   8.442288   8.800133
    33  H    9.154356   8.429403   9.280877   8.707181   8.872643
    34  H    9.373164   7.868970   8.840758   7.988849   8.223065
    35  H   10.295676   9.332428  10.252709   9.422718   9.825633
    36  C    7.066159   7.954162   8.505061   8.306438   8.820255
    37  H    8.081562   8.604725   9.245402   8.923573   9.374578
    38  H    7.010502   8.151060   8.627639   8.632677   8.933048
    39  C    7.139581   8.608543   9.064298   8.856283   9.667021
    40  H    7.976937   9.645254  10.077420   9.925471  10.674275
    41  H    7.501773   8.699981   9.214404   8.814243   9.813522
    42  H    6.277600   8.212931   8.551742   8.479361   9.360503
    43  N    3.125192   3.794988   4.047232   4.459658   4.763885
    44  N    4.886385   5.608056   6.086227   6.064552   6.526834
    45  C    4.510964   6.156785   6.414266   6.770488   7.035025
    46  H    4.725286   6.951620   7.140217   7.490167   7.947674
    47  H    5.336400   6.706858   6.999354   7.410792   7.384796
    48  C    3.154400   5.123360   5.183528   5.835408   6.028949
    49  H    2.455259   5.407874   5.299109   6.032476   6.478352
    50  H    3.530551   5.367194   5.343825   6.221819   6.042890
                   26         27         28         29         30
    26  H    0.000000
    27  H    1.765446   0.000000
    28  H    1.754968   1.760610   0.000000
    29  C    9.017272   7.891103   9.176881   0.000000
    30  H    8.947173   7.994820   9.300741   1.108709   0.000000
    31  H    9.905150   8.798376   9.987495   1.106289   1.701120
    32  C    9.396684   8.114942   9.553486   1.557862   2.241437
    33  H    9.560499   8.145999   9.527753   2.187779   3.130418
    34  H    8.745722   7.479471   9.019581   2.212722   2.580827
    35  H   10.381201   9.130885  10.603552   2.224452   2.656027
    36  C    9.684302   8.394310   9.294353   3.026331   3.967898
    37  H   10.195879   8.856288   9.906462   2.629058   3.659131
    38  H    9.865372   8.484223   9.292832   3.968554   4.965459
    39  C   10.507786   9.379464  10.141981   3.742011   4.430971
    40  H   11.537800  10.359568  11.113687   4.475201   5.207622
    41  H   10.575555   9.550498  10.383584   3.328355   3.799648
    42  H   10.225070   9.180229   9.766857   4.468984   5.070252
    43  N    5.751007   4.693982   4.990872   5.651928   6.091956
    44  N    7.440550   6.221752   6.936742   3.823332   4.490723
    45  C    8.038788   6.794617   7.228354   5.140773   5.890386
    46  H    8.933794   7.778421   8.137382   5.418231   6.151004
    47  H    8.416003   7.016189   7.523076   5.369831   6.248196
    48  C    7.058603   5.959759   6.077382   6.194143   6.794919
    49  H    7.467638   6.574794   6.484493   6.787296   7.307426
    50  H    7.115337   5.929900   5.923102   6.952967   7.619319
                   31         32         33         34         35
    31  H    0.000000
    32  C    2.247352   0.000000
    33  H    2.658030   1.094981   0.000000
    34  H    3.146980   1.095612   1.774643   0.000000
    35  H    2.572168   1.093005   1.762920   1.752512   0.000000
    36  C    2.669928   3.716469   3.270016   4.525485   4.386235
    37  H    2.204489   3.001714   2.493726   3.939408   3.509154
    38  H    3.702896   4.407981   3.737004   5.151300   5.096553
    39  C    3.026891   4.755548   4.520240   5.644049   5.254256
    40  H    3.636371   5.298532   4.959525   6.273548   5.645532
    41  H    2.474761   4.538433   4.552579   5.432759   4.933646
    42  H    3.880352   5.587011   5.358265   6.380002   6.187986
    43  N    6.072800   6.417059   6.204932   6.446156   7.479211
    44  N    4.050010   4.643900   4.356439   4.971757   5.632372
    45  C    5.210672   5.847535   5.365984   6.239127   6.794495
    46  H    5.267160   6.259004   5.797292   6.795854   7.115045
    47  H    5.469885   5.801765   5.142550   6.188485   6.726774
    48  C    6.406096   6.942289   6.551828   7.155563   7.958338
    49  H    6.890803   7.694782   7.367409   7.965530   8.679633
    50  H    7.214569   7.526693   7.029637   7.683399   8.553940
                   36         37         38         39         40
    36  C    0.000000
    37  H    1.089742   0.000000
    38  H    1.091819   1.740285   0.000000
    39  C    1.540799   2.164235   2.168898   0.000000
    40  H    2.170753   2.493829   2.479305   1.092425   0.000000
    41  H    2.185000   2.516218   3.079739   1.092638   1.770897
    42  H    2.194398   3.082840   2.552479   1.092298   1.767434
    43  N    4.692649   5.553200   4.655105   5.329396   6.251487
    44  N    2.458036   3.323414   2.592771   3.260607   4.187495
    45  C    3.000195   3.980804   2.611099   3.610503   4.303827
    46  H    2.924102   3.984471   2.539731   3.083504   3.660494
    47  H    3.091482   3.907808   2.388419   3.983206   4.502979
    48  C    4.468429   5.440593   4.155691   4.974089   5.729326
    49  H    4.980047   6.024183   4.727333   5.170115   5.899482
    50  H    5.149202   6.058114   4.656010   5.790905   6.452278
                   41         42         43         44         45
    41  H    0.000000
    42  H    1.765428   0.000000
    43  N    5.746598   4.844473   0.000000
    44  N    3.728554   3.065177   2.245870   0.000000
    45  C    4.377723   3.151734   2.378649   1.485949   0.000000
    46  H    3.932314   2.414716   3.195440   2.133178   1.086733
    47  H    4.858466   3.732293   3.042219   2.113395   1.089457
    48  C    5.621671   4.349802   1.484363   2.381986   1.550054
    49  H    5.777318   4.358079   2.117383   3.051923   2.202594
    50  H    6.525433   5.217129   2.127231   3.193998   2.197378
                   46         47         48         49         50
    46  H    0.000000
    47  H    1.776650   0.000000
    48  C    2.198738   2.199838   0.000000
    49  H    2.369040   3.007790   1.089342   0.000000
    50  H    2.887934   2.362850   1.087069   1.776673   0.000000
 Stoichiometry    C21H27N2(1+)
 Framework group  C1[X(C21H27N2)]
 Deg. of freedom   144
 Full point group                 C1      NOp   1
 Largest Abelian subgroup         C1      NOp   1
 Largest concise Abelian subgroup C1      NOp   1
                         Standard orientation:                         
 ---------------------------------------------------------------------
 Center     Atomic      Atomic             Coordinates (Angstroms)
 Number     Number       Type             X           Y           Z
 ---------------------------------------------------------------------
      1          6           0        2.359425   -0.803294    0.141902
      2          6           0       -0.011782   -0.636988    0.099873
      3          6           0        0.009203    0.732446   -0.147645
      4          6           0        1.278094    1.365377   -0.237366
      5          6           0        2.461956    0.544584   -0.098082
      6          6           0       -1.243316    1.397586   -0.263129
      7          6           0       -2.459162    0.612080   -0.139787
      8          6           0       -2.391345   -0.732853    0.124845
      9          6           0       -1.185417    2.786762   -0.473418
     10          6           0        0.050868    3.429338   -0.554637
     11          6           0        1.266563    2.754212   -0.439179
     12          1           0       -2.089816    3.372718   -0.559117
     13          1           0        0.067579    4.502864   -0.707660
     14          1           0        2.189794    3.314829   -0.495366
     15          6           0        3.532470   -1.746962    0.255754
     16          1           0        4.377842   -1.215947    0.690416
     17          1           0        3.294796   -2.548061    0.958862
     18          6           0        3.942739   -2.352948   -1.099197
     19          1           0        4.250609   -1.572240   -1.798684
     20          1           0        4.781395   -3.038991   -0.959648
     21          1           0        3.122416   -2.911101   -1.556137
     22          6           0        3.811909    1.241941   -0.197943
     23          1           0        4.610475    0.514185   -0.441015
     24          1           0        3.797139    1.920001   -1.070216
     25          6           0        4.439557    1.923716    1.083360
     26          1           0        4.985254    2.829960    0.824612
     27          1           0        3.713575    2.182126    1.863816
     28          1           0        5.160470    1.234590    1.534546
     29          6           0       -3.840491    1.326705   -0.251330
     30          1           0       -3.735114    2.099639   -1.039178
     31          1           0       -4.544156    0.631952   -0.747364
     32          6           0       -4.360502    1.893573    1.103359
     33          1           0       -4.360759    1.103969    1.861982
     34          1           0       -3.736143    2.717325    1.466641
     35          1           0       -5.379369    2.283917    1.038548
     36          6           0       -3.585654   -1.643868    0.267739
     37          1           0       -4.432635   -1.072295    0.646508
     38          1           0       -3.375899   -2.402315    1.024594
     39          6           0       -3.975610   -2.324759   -1.058301
     40          1           0       -4.826918   -2.990284   -0.897850
     41          1           0       -4.256662   -1.584093   -1.810818
     42          1           0       -3.154520   -2.919215   -1.465176
     43          7           0        1.099096   -1.371786    0.261420
     44          7           0       -1.146386   -1.342895    0.231269
     45          6           0       -0.814801   -2.733020    0.638267
     46          1           0       -1.307673   -3.456763   -0.005364
     47          1           0       -1.128778   -2.891407    1.669406
     48          6           0        0.727387   -2.790054    0.493112
     49          1           0        1.033967   -3.395095   -0.359296
     50          1           0        1.201608   -3.168938    1.394932
 ---------------------------------------------------------------------
 Rotational constants (GHZ):      0.4001754      0.2107982      0.1476133
 Standard basis: 6-311++G(d,p) (5D, 7F)
 There are   695 symmetry adapted basis functions of A   symmetry.
 Integral buffers will be    262144 words long.
 Raffenetti 2 integral format.
 Two-electron integral symmetry is turned on.
   695 basis functions,  1071 primitive gaussians,   718 cartesian basis functions
    83 alpha electrons       83 beta electrons
       nuclear repulsion energy      1988.7409963921 Hartrees.
 NAtoms=   50 NActive=   50 NUniq=   50 SFac= 7.50D-01 NAtFMM=   80 NAOKFM=F Big=F
 ------------------------------------------------------------------------------
 Polarizable Continuum Model (PCM)
 =================================
 Model                : C-PCM.
 Atomic radii         : UFF (Universal Force Field).
 Polarization charges : Total charges.
 Charge compensation  : None.
 Solution method      : Matrix inversion.
 Cavity type          : Scaled VdW (van der Waals Surface) (Alpha=1.100).
 Cavity algorithm     : GePol (No added spheres)
                        Default sphere list used, NSphG=   50.
                        Lebedev-Laikov grids with approx.  5.0 points / Ang**2.
                        Smoothing algorithm: Karplus/York (Gamma=1.0000).
                        Polarization charges: spherical gaussians, with
                                              point-specific exponents (IZeta= 3).
                        Self-potential: point-specific (ISelfS= 7).
                        Self-field    : sphere-specific E.n sum rule (ISelfD= 2).
 Solvent              : Water, Eps=  78.355300 Eps(inf)=   1.777849
 ------------------------------------------------------------------------------
 One-electron integrals computed using PRISM.
 NBasis=   695 RedAO= T  NBF=   695
 NBsUse=   685 1.00D-06 NBFU=   685
 Harris functional with IExCor=  402 diagonalized for initial guess.
 ExpMin= 3.60D-02 ExpMax= 6.29D+03 ExpMxC= 9.49D+02 IAcc=3 IRadAn=         0 AccDes= 0.00D+00
 HarFok:  IExCor=  402 AccDes= 0.00D+00 IRadAn=         0 IDoV= 1
 ScaDFX=  1.000000  1.000000  1.000000  1.000000
 FoFCou: FMM=F IPFlag=           0 FMFlag=      100000 FMFlg1=           0
         NFxFlg=           0 DoJE=T BraDBF=F KetDBF=T FulRan=T
         Omega=  0.000000  0.000000  1.000000  0.000000  0.000000 ICntrl=     500 IOpCl=  0
         NMat0=    1 NMatS0=    1 NMatT0=    0 NMatD0=    1 NMtDS0=    0 NMtDT0=    0
         I1Cent=           4 NGrid=           0.
 Petite list used in FoFCou.
 Initial guess orbital symmetries:
 Alpha Orbitals:
       Occupied  (A) (A) (A) (A) (A) (A) (A) (A) (A) (A) (A) (A)
                 (A) (A) (A) (A) (A) (A) (A) (A) (A) (A) (A) (A)
                 (A) (A) (A) (A) (A) (A) (A) (A) (A) (A) (A) (A)
                 (A) (A) (A) (A) (A) (A) (A) (A) (A) (A) (A) (A)
                 (A) (A) (A) (A) (A) (A) (A) (A) (A) (A) (A) (A)
                 (A) (A) (A) (A) (A) (A) (A) (A) (A) (A) (A) (A)
                 (A) (A) (A) (A) (A) (A) (A) (A) (A) (A) (A)
       Virtual   (A) (A) (A) (A) (A) (A) (A) (A) (A) (A) (A) (A)
                 (A) (A) (A) (A) (A) (A) (A) (A) (A) (A) (A) (A)
                 (A) (A) (A) (A) (A) (A) (A) (A) (A) (A) (A) (A)
                 (A) (A) (A) (A) (A) (A) (A) (A) (A) (A) (A) (A)
                 (A) (A) (A) (A) (A) (A) (A) (A) (A) (A) (A) (A)
                 (A) (A) (A) (A) (A) (A) (A) (A) (A) (A) (A) (A)
                 (A) (A) (A) (A) (A) (A) (A) (A) (A) (A) (A) (A)
                 (A) (A) (A) (A) (A) (A) (A) (A) (A) (A) (A) (A)
                 (A) (A) (A) (A) (A) (A) (A) (A) (A) (A) (A) (A)
                 (A) (A) (A) (A) (A) (A) (A) (A) (A) (A) (A) (A)
                 (A) (A) (A) (A) (A) (A) (A) (A) (A) (A) (A) (A)
                 (A) (A) (A) (A) (A) (A) (A) (A) (A) (A) (A) (A)
                 (A) (A) (A) (A) (A) (A) (A) (A) (A) (A) (A) (A)
                 (A) (A) (A) (A) (A) (A) (A) (A) (A) (A) (A) (A)
                 (A) (A) (A) (A) (A) (A) (A) (A) (A) (A) (A) (A)
                 (A) (A) (A) (A) (A) (A) (A) (A) (A) (A) (A) (A)
                 (A) (A) (A) (A) (A) (A) (A) (A) (A) (A) (A) (A)
                 (A) (A) (A) (A) (A) (A) (A) (A) (A) (A) (A) (A)
                 (A) (A) (A) (A) (A) (A) (A) (A) (A) (A) (A) (A)
                 (A) (A) (A) (A) (A) (A) (A) (A) (A) (A) (A) (A)
                 (A) (A) (A) (A) (A) (A) (A) (A) (A) (A) (A) (A)
                 (A) (A) (A) (A) (A) (A) (A) (A) (A) (A) (A) (A)
                 (A) (A) (A) (A) (A) (A) (A) (A) (A) (A) (A) (A)
                 (A) (A) (A) (A) (A) (A) (A) (A) (A) (A) (A) (A)
                 (A) (A) (A) (A) (A) (A) (A) (A) (A) (A) (A) (A)
                 (A) (A) (A) (A) (A) (A) (A) (A) (A) (A) (A) (A)
                 (A) (A) (A) (A) (A) (A) (A) (A) (A) (A) (A) (A)
                 (A) (A) (A) (A) (A) (A) (A) (A) (A) (A) (A) (A)
                 (A) (A) (A) (A) (A) (A) (A) (A) (A) (A) (A) (A)
                 (A) (A) (A) (A) (A) (A) (A) (A) (A) (A) (A) (A)
                 (A) (A) (A) (A) (A) (A) (A) (A) (A) (A) (A) (A)
                 (A) (A) (A) (A) (A) (A) (A) (A) (A) (A) (A) (A)
                 (A) (A) (A) (A) (A) (A) (A) (A) (A) (A) (A) (A)
                 (A) (A) (A) (A) (A) (A) (A) (A) (A) (A) (A) (A)
                 (A) (A) (A) (A) (A) (A) (A) (A) (A) (A) (A) (A)
                 (A) (A) (A) (A) (A) (A) (A) (A) (A) (A) (A) (A)
                 (A) (A) (A) (A) (A) (A) (A) (A) (A) (A) (A) (A)
                 (A) (A) (A) (A) (A) (A) (A) (A) (A) (A) (A) (A)
                 (A) (A) (A) (A) (A) (A) (A) (A) (A) (A) (A) (A)
                 (A) (A) (A) (A) (A) (A) (A) (A) (A) (A) (A) (A)
                 (A) (A) (A) (A) (A) (A) (A) (A) (A) (A) (A) (A)
                 (A) (A) (A) (A) (A) (A) (A) (A) (A) (A) (A) (A)
                 (A) (A) (A) (A) (A) (A) (A) (A) (A) (A) (A) (A)
                 (A) (A) (A) (A) (A) (A) (A) (A) (A) (A) (A) (A)
                 (A) (A) (A) (A) (A) (A) (A) (A) (A) (A) (A) (A)
                 (A) (A) (A) (A) (A) (A) (A) (A) (A) (A) (A) (A)
                 (A) (A) (A) (A) (A) (A) (A) (A) (A) (A) (A) (A)
                 (A) (A) (A) (A) (A) (A) (A) (A) (A) (A) (A) (A)
                 (A) (A) (A) (A) (A) (A) (A) (A) (A) (A) (A) (A)
                 (A) (A) (A) (A) (A) (A) (A) (A) (A) (A) (A) (A)
                 (A) (A)
 Beta  Orbitals:
       Occupied  (A) (A) (A) (A) (A) (A) (A) (A) (A) (A) (A) (A)
                 (A) (A) (A) (A) (A) (A) (A) (A) (A) (A) (A) (A)
                 (A) (A) (A) (A) (A) (A) (A) (A) (A) (A) (A) (A)
                 (A) (A) (A) (A) (A) (A) (A) (A) (A) (A) (A) (A)
                 (A) (A) (A) (A) (A) (A) (A) (A) (A) (A) (A) (A)
                 (A) (A) (A) (A) (A) (A) (A) (A) (A) (A) (A) (A)
                 (A) (A) (A) (A) (A) (A) (A) (A) (A) (A) (A)
       Virtual   (A) (A) (A) (A) (A) (A) (A) (A) (A) (A) (A) (A)
                 (A) (A) (A) (A) (A) (A) (A) (A) (A) (A) (A) (A)
                 (A) (A) (A) (A) (A) (A) (A) (A) (A) (A) (A) (A)
                 (A) (A) (A) (A) (A) (A) (A) (A) (A) (A) (A) (A)
                 (A) (A) (A) (A) (A) (A) (A) (A) (A) (A) (A) (A)
                 (A) (A) (A) (A) (A) (A) (A) (A) (A) (A) (A) (A)
                 (A) (A) (A) (A) (A) (A) (A) (A) (A) (A) (A) (A)
                 (A) (A) (A) (A) (A) (A) (A) (A) (A) (A) (A) (A)
                 (A) (A) (A) (A) (A) (A) (A) (A) (A) (A) (A) (A)
                 (A) (A) (A) (A) (A) (A) (A) (A) (A) (A) (A) (A)
                 (A) (A) (A) (A) (A) (A) (A) (A) (A) (A) (A) (A)
                 (A) (A) (A) (A) (A) (A) (A) (A) (A) (A) (A) (A)
                 (A) (A) (A) (A) (A) (A) (A) (A) (A) (A) (A) (A)
                 (A) (A) (A) (A) (A) (A) (A) (A) (A) (A) (A) (A)
                 (A) (A) (A) (A) (A) (A) (A) (A) (A) (A) (A) (A)
                 (A) (A) (A) (A) (A) (A) (A) (A) (A) (A) (A) (A)
                 (A) (A) (A) (A) (A) (A) (A) (A) (A) (A) (A) (A)
                 (A) (A) (A) (A) (A) (A) (A) (A) (A) (A) (A) (A)
                 (A) (A) (A) (A) (A) (A) (A) (A) (A) (A) (A) (A)
                 (A) (A) (A) (A) (A) (A) (A) (A) (A) (A) (A) (A)
                 (A) (A) (A) (A) (A) (A) (A) (A) (A) (A) (A) (A)
                 (A) (A) (A) (A) (A) (A) (A) (A) (A) (A) (A) (A)
                 (A) (A) (A) (A) (A) (A) (A) (A) (A) (A) (A) (A)
                 (A) (A) (A) (A) (A) (A) (A) (A) (A) (A) (A) (A)
                 (A) (A) (A) (A) (A) (A) (A) (A) (A) (A) (A) (A)
                 (A) (A) (A) (A) (A) (A) (A) (A) (A) (A) (A) (A)
                 (A) (A) (A) (A) (A) (A) (A) (A) (A) (A) (A) (A)
                 (A) (A) (A) (A) (A) (A) (A) (A) (A) (A) (A) (A)
                 (A) (A) (A) (A) (A) (A) (A) (A) (A) (A) (A) (A)
                 (A) (A) (A) (A) (A) (A) (A) (A) (A) (A) (A) (A)
                 (A) (A) (A) (A) (A) (A) (A) (A) (A) (A) (A) (A)
                 (A) (A) (A) (A) (A) (A) (A) (A) (A) (A) (A) (A)
                 (A) (A) (A) (A) (A) (A) (A) (A) (A) (A) (A) (A)
                 (A) (A) (A) (A) (A) (A) (A) (A) (A) (A) (A) (A)
                 (A) (A) (A) (A) (A) (A) (A) (A) (A) (A) (A) (A)
                 (A) (A) (A) (A) (A) (A) (A) (A) (A) (A) (A) (A)
                 (A) (A) (A) (A) (A) (A) (A) (A) (A) (A) (A) (A)
                 (A) (A) (A) (A) (A) (A) (A) (A) (A) (A) (A) (A)
                 (A) (A) (A) (A) (A) (A) (A) (A) (A) (A) (A) (A)
                 (A) (A) (A) (A) (A) (A) (A) (A) (A) (A) (A) (A)
                 (A) (A) (A) (A) (A) (A) (A) (A) (A) (A) (A) (A)
                 (A) (A) (A) (A) (A) (A) (A) (A) (A) (A) (A) (A)
                 (A) (A) (A) (A) (A) (A) (A) (A) (A) (A) (A) (A)
                 (A) (A) (A) (A) (A) (A) (A) (A) (A) (A) (A) (A)
                 (A) (A) (A) (A) (A) (A) (A) (A) (A) (A) (A) (A)
                 (A) (A) (A) (A) (A) (A) (A) (A) (A) (A) (A) (A)
                 (A) (A) (A) (A) (A) (A) (A) (A) (A) (A) (A) (A)
                 (A) (A) (A) (A) (A) (A) (A) (A) (A) (A) (A) (A)
                 (A) (A) (A) (A) (A) (A) (A) (A) (A) (A) (A) (A)
                 (A) (A) (A) (A) (A) (A) (A) (A) (A) (A) (A) (A)
                 (A) (A)
 The electronic state of the initial guess is 1-A.
 Initial guess <Sx>= 0.0000 <Sy>= 0.0000 <Sz>= 0.0000 <S**2>= 0.0000 S= 0.0000
 Requested convergence on RMS density matrix=1.00D-08 within 128 cycles.
 Requested convergence on MAX density matrix=1.00D-06.
 Requested convergence on             energy=1.00D-06.
 No special actions if energy rises.
 Error on total polarization charges =  0.01803
 SCF Done:  E(UB3LYP) =  -926.120442887     A.U. after   15 cycles
             Convg  =    0.1923D-08             -V/T =  2.0050
 <Sx>= 0.0000 <Sy>= 0.0000 <Sz>= 0.0000 <S**2>= 0.0000 S= 0.0000
 <L.S>= 0.000000000000E+00
 Annihilation of the first spin contaminant:
 S**2 before annihilation     0.0000,   after     0.0000
 DiagDN has N=   695 LTot=  2117 but NE2=     3 cannot use DSYEVD.
 ExpMin= 3.60D-02 ExpMax= 6.29D+03 ExpMxC= 9.49D+02 IAcc=3 IRadAn=         5 AccDes= 0.00D+00
 HarFok:  IExCor=  205 AccDes= 0.00D+00 IRadAn=         5 IDoV=-2
 ScaDFX=  1.000000  1.000000  1.000000  1.000000
 Range of M.O.s used for correlation:    24   685
 NBasis=   695 NAE=    83 NBE=    83 NFC=    23 NFV=     0
 NROrb=    662 NOA=    60 NOB=    60 NVA=   602 NVB=   602

 **** Warning!!: The largest alpha MO coefficient is  0.14388176D+03


 **** Warning!!: The largest beta MO coefficient is  0.14388176D+03

 Ignoring spin specification with unrestricted ground state.
 NEqPCM:  Using non-equilibrium solvation (IEInf=1, Eps=  78.3553, EpsInf=   1.7778)
 Orbital symmetries:
 Alpha Orbitals:
       Occupied  (A) (A) (A) (A) (A) (A) (A) (A) (A) (A) (A) (A)
                 (A) (A) (A) (A) (A) (A) (A) (A) (A) (A) (A) (A)
                 (A) (A) (A) (A) (A) (A) (A) (A) (A) (A) (A) (A)
                 (A) (A) (A) (A) (A) (A) (A) (A) (A) (A) (A) (A)
                 (A) (A) (A) (A) (A) (A) (A) (A) (A) (A) (A) (A)
                 (A) (A) (A) (A) (A) (A) (A) (A) (A) (A) (A) (A)
                 (A) (A) (A) (A) (A) (A) (A) (A) (A) (A) (A)
       Virtual   (A) (A) (A) (A) (A) (A) (A) (A) (A) (A) (A) (A)
                 (A) (A) (A) (A) (A) (A) (A) (A) (A) (A) (A) (A)
                 (A) (A) (A) (A) (A) (A) (A) (A) (A) (A) (A) (A)
                 (A) (A) (A) (A) (A) (A) (A) (A) (A) (A) (A) (A)
                 (A) (A) (A) (A) (A) (A) (A) (A) (A) (A) (A) (A)
                 (A) (A) (A) (A) (A) (A) (A) (A) (A) (A) (A) (A)
                 (A) (A) (A) (A) (A) (A) (A) (A) (A) (A) (A) (A)
                 (A) (A) (A) (A) (A) (A) (A) (A) (A) (A) (A) (A)
                 (A) (A) (A) (A) (A) (A) (A) (A) (A) (A) (A) (A)
                 (A) (A) (A) (A) (A) (A) (A) (A) (A) (A) (A) (A)
                 (A) (A) (A) (A) (A) (A) (A) (A) (A) (A) (A) (A)
                 (A) (A) (A) (A) (A) (A) (A) (A) (A) (A) (A) (A)
                 (A) (A) (A) (A) (A) (A) (A) (A) (A) (A) (A) (A)
                 (A) (A) (A) (A) (A) (A) (A) (A) (A) (A) (A) (A)
                 (A) (A) (A) (A) (A) (A) (A) (A) (A) (A) (A) (A)
                 (A) (A) (A) (A) (A) (A) (A) (A) (A) (A) (A) (A)
                 (A) (A) (A) (A) (A) (A) (A) (A) (A) (A) (A) (A)
                 (A) (A) (A) (A) (A) (A) (A) (A) (A) (A) (A) (A)
                 (A) (A) (A) (A) (A) (A) (A) (A) (A) (A) (A) (A)
                 (A) (A) (A) (A) (A) (A) (A) (A) (A) (A) (A) (A)
                 (A) (A) (A) (A) (A) (A) (A) (A) (A) (A) (A) (A)
                 (A) (A) (A) (A) (A) (A) (A) (A) (A) (A) (A) (A)
                 (A) (A) (A) (A) (A) (A) (A) (A) (A) (A) (A) (A)
                 (A) (A) (A) (A) (A) (A) (A) (A) (A) (A) (A) (A)
                 (A) (A) (A) (A) (A) (A) (A) (A) (A) (A) (A) (A)
                 (A) (A) (A) (A) (A) (A) (A) (A) (A) (A) (A) (A)
                 (A) (A) (A) (A) (A) (A) (A) (A) (A) (A) (A) (A)
                 (A) (A) (A) (A) (A) (A) (A) (A) (A) (A) (A) (A)
                 (A) (A) (A) (A) (A) (A) (A) (A) (A) (A) (A) (A)
                 (A) (A) (A) (A) (A) (A) (A) (A) (A) (A) (A) (A)
                 (A) (A) (A) (A) (A) (A) (A) (A) (A) (A) (A) (A)
                 (A) (A) (A) (A) (A) (A) (A) (A) (A) (A) (A) (A)
                 (A) (A) (A) (A) (A) (A) (A) (A) (A) (A) (A) (A)
                 (A) (A) (A) (A) (A) (A) (A) (A) (A) (A) (A) (A)
                 (A) (A) (A) (A) (A) (A) (A) (A) (A) (A) (A) (A)
                 (A) (A) (A) (A) (A) (A) (A) (A) (A) (A) (A) (A)
                 (A) (A) (A) (A) (A) (A) (A) (A) (A) (A) (A) (A)
                 (A) (A) (A) (A) (A) (A) (A) (A) (A) (A) (A) (A)
                 (A) (A) (A) (A) (A) (A) (A) (A) (A) (A) (A) (A)
                 (A) (A) (A) (A) (A) (A) (A) (A) (A) (A) (A) (A)
                 (A) (A) (A) (A) (A) (A) (A) (A) (A) (A) (A) (A)
                 (A) (A) (A) (A) (A) (A) (A) (A) (A) (A) (A) (A)
                 (A) (A) (A) (A) (A) (A) (A) (A) (A) (A) (A) (A)
                 (A) (A) (A) (A) (A) (A) (A) (A) (A) (A) (A) (A)
                 (A) (A) (A) (A) (A) (A) (A) (A) (A) (A) (A) (A)
                 (A) (A) (A) (A) (A) (A) (A) (A) (A) (A) (A) (A)
                 (A) (A) (A) (A) (A) (A) (A) (A) (A) (A) (A) (A)
                 (A) (A) (A) (A) (A) (A) (A) (A) (A) (A) (A) (A)
                 (A) (A) (A) (A) (A) (A) (A) (A) (A) (A) (A) (A)
                 (A) (A) (A) (A) (A) (A) (A) (A) (A) (A) (A) (A)
                 (A) (A)
 Beta  Orbitals:
       Occupied  (A) (A) (A) (A) (A) (A) (A) (A) (A) (A) (A) (A)
                 (A) (A) (A) (A) (A) (A)