{"__type":"$$EventMessageWorkflow","id":"8e40cb7f-b80e-48ee-8b87-d3c26d607496","ts":"2026-06-23T10:30:22.685-04:00","eventName":"n8n.workflow.started","message":"n8n.workflow.started","payload":{"executionId":"87","workflowId":"KB20fsqtZuhSVIa3","isManual":false,"workflowName":"send docpdf"}}
{"__type":"$$EventMessageConfirm","confirm":"8e40cb7f-b80e-48ee-8b87-d3c26d607496","ts":"2026-06-23T10:30:22.686-04:00","source":{"id":"0","name":"eventBus"}}
{"__type":"$$EventMessageNode","id":"cc05fc47-7e51-4ce6-be67-3737dcfe4e73","ts":"2026-06-23T10:30:22.688-04:00","eventName":"n8n.node.started","message":"n8n.node.started","payload":{"workflowId":"KB20fsqtZuhSVIa3","workflowName":"send docpdf","executionId":"87","nodeType":"n8n-nodes-base.webhook","nodeName":"Webhook","nodeId":"b4780fb6-0160-486d-ae7d-e46ece39ae0a"}}
{"__type":"$$EventMessageConfirm","confirm":"cc05fc47-7e51-4ce6-be67-3737dcfe4e73","ts":"2026-06-23T10:30:22.688-04:00","source":{"id":"0","name":"eventBus"}}
{"__type":"$$EventMessageNode","id":"5a40641a-410b-4636-a9e5-9ffe1bf4be2c","ts":"2026-06-23T10:30:22.691-04:00","eventName":"n8n.node.finished","message":"n8n.node.finished","payload":{"workflowId":"KB20fsqtZuhSVIa3","workflowName":"send docpdf","executionId":"87","nodeType":"n8n-nodes-base.webhook","nodeName":"Webhook","nodeId":"b4780fb6-0160-486d-ae7d-e46ece39ae0a"}}
{"__type":"$$EventMessageConfirm","confirm":"5a40641a-410b-4636-a9e5-9ffe1bf4be2c","ts":"2026-06-23T10:30:22.691-04:00","source":{"id":"0","name":"eventBus"}}
{"__type":"$$EventMessageNode","id":"756f7f44-cb7c-4e46-903c-1ef2a3327f70","ts":"2026-06-23T10:30:22.692-04:00","eventName":"n8n.node.started","message":"n8n.node.started","payload":{"workflowId":"KB20fsqtZuhSVIa3","workflowName":"send docpdf","executionId":"87","nodeType":"n8n-nodes-base.telegram","nodeName":"Send DOCX","nodeId":"80c943fe-3b94-4712-a470-7c85d3b13742"}}
{"__type":"$$EventMessageConfirm","confirm":"756f7f44-cb7c-4e46-903c-1ef2a3327f70","ts":"2026-06-23T10:30:22.692-04:00","source":{"id":"0","name":"eventBus"}}
{"__type":"$$EventMessageNode","id":"ae4265ab-3890-44c4-adcb-a0252ddf3576","ts":"2026-06-23T10:30:23.388-04:00","eventName":"n8n.node.finished","message":"n8n.node.finished","payload":{"workflowId":"KB20fsqtZuhSVIa3","workflowName":"send docpdf","executionId":"87","nodeType":"n8n-nodes-base.telegram","nodeName":"Send DOCX","nodeId":"80c943fe-3b94-4712-a470-7c85d3b13742"}}
{"__type":"$$EventMessageConfirm","confirm":"ae4265ab-3890-44c4-adcb-a0252ddf3576","ts":"2026-06-23T10:30:23.389-04:00","source":{"id":"0","name":"eventBus"}}
{"__type":"$$EventMessageNode","id":"7de3a999-777a-4212-96c8-72da7f2c9624","ts":"2026-06-23T10:30:23.389-04:00","eventName":"n8n.node.started","message":"n8n.node.started","payload":{"workflowId":"KB20fsqtZuhSVIa3","workflowName":"send docpdf","executionId":"87","nodeType":"n8n-nodes-base.telegram","nodeName":"Send PDF (Private)","nodeId":"3d7c5682-2538-45ae-b64d-71622d3cdeee"}}
{"__type":"$$EventMessageConfirm","confirm":"7de3a999-777a-4212-96c8-72da7f2c9624","ts":"2026-06-23T10:30:23.389-04:00","source":{"id":"0","name":"eventBus"}}
{"__type":"$$EventMessageNode","id":"3ea22ba8-f0c8-4716-a865-4a0a84ee4cd1","ts":"2026-06-23T10:30:25.964-04:00","eventName":"n8n.node.finished","message":"n8n.node.finished","payload":{"workflowId":"KB20fsqtZuhSVIa3","workflowName":"send docpdf","executionId":"87","nodeType":"n8n-nodes-base.telegram","nodeName":"Send PDF (Private)","nodeId":"3d7c5682-2538-45ae-b64d-71622d3cdeee"}}
{"__type":"$$EventMessageConfirm","confirm":"3ea22ba8-f0c8-4716-a865-4a0a84ee4cd1","ts":"2026-06-23T10:30:25.964-04:00","source":{"id":"0","name":"eventBus"}}
{"__type":"$$EventMessageNode","id":"6ab5d9a6-00f1-4ae0-b58a-e69b92cd81cf","ts":"2026-06-23T10:30:25.965-04:00","eventName":"n8n.node.started","message":"n8n.node.started","payload":{"workflowId":"KB20fsqtZuhSVIa3","workflowName":"send docpdf","executionId":"87","nodeType":"n8n-nodes-base.telegram","nodeName":"Send a text message","nodeId":"db31f1b0-d2ef-495b-944b-0978153f8ac3"}}
{"__type":"$$EventMessageConfirm","confirm":"6ab5d9a6-00f1-4ae0-b58a-e69b92cd81cf","ts":"2026-06-23T10:30:25.965-04:00","source":{"id":"0","name":"eventBus"}}
{"__type":"$$EventMessageNode","id":"f10605d1-5316-46d7-9776-bd3dce2aab2d","ts":"2026-06-23T10:30:26.355-04:00","eventName":"n8n.node.finished","message":"n8n.node.finished","payload":{"workflowId":"KB20fsqtZuhSVIa3","workflowName":"send docpdf","executionId":"87","nodeType":"n8n-nodes-base.telegram","nodeName":"Send a text message","nodeId":"db31f1b0-d2ef-495b-944b-0978153f8ac3"}}
{"__type":"$$EventMessageConfirm","confirm":"f10605d1-5316-46d7-9776-bd3dce2aab2d","ts":"2026-06-23T10:30:26.355-04:00","source":{"id":"0","name":"eventBus"}}
{"__type":"$$EventMessageWorkflow","id":"fa2fe2b8-587c-46f6-80d3-0d8e1107e1df","ts":"2026-06-23T10:30:26.357-04:00","eventName":"n8n.workflow.failed","message":"n8n.workflow.failed","payload":{"executionId":"87","success":false,"isManual":false,"workflowId":"KB20fsqtZuhSVIa3","workflowName":"send docpdf","lastNodeExecuted":"Send a text message","errorNodeType":"n8n-nodes-base.telegram","errorMessage":"Bad request - please check your parameters"}}
{"__type":"$$EventMessageConfirm","confirm":"fa2fe2b8-587c-46f6-80d3-0d8e1107e1df","ts":"2026-06-23T10:30:26.358-04:00","source":{"id":"0","name":"eventBus"}}
{"__type":"$$EventMessageWorkflow","id":"5ec0b168-033a-4b20-a2e3-60d9f8ce16c2","ts":"2026-06-23T11:50:55.984-04:00","eventName":"n8n.workflow.started","message":"n8n.workflow.started","payload":{"executionId":"88","workflowId":"KB20fsqtZuhSVIa3","isManual":false,"workflowName":"send docpdf"}}
{"__type":"$$EventMessageConfirm","confirm":"5ec0b168-033a-4b20-a2e3-60d9f8ce16c2","ts":"2026-06-23T11:50:55.985-04:00","source":{"id":"0","name":"eventBus"}}
{"__type":"$$EventMessageNode","id":"250e4851-d9c0-4a09-9cd4-02f18b44eb2a","ts":"2026-06-23T11:50:55.986-04:00","eventName":"n8n.node.started","message":"n8n.node.started","payload":{"workflowId":"KB20fsqtZuhSVIa3","workflowName":"send docpdf","executionId":"88","nodeType":"n8n-nodes-base.webhook","nodeName":"Webhook","nodeId":"b4780fb6-0160-486d-ae7d-e46ece39ae0a"}}
{"__type":"$$EventMessageConfirm","confirm":"250e4851-d9c0-4a09-9cd4-02f18b44eb2a","ts":"2026-06-23T11:50:55.986-04:00","source":{"id":"0","name":"eventBus"}}
{"__type":"$$EventMessageNode","id":"49d61182-1aa3-4081-83c9-937cfe819b02","ts":"2026-06-23T11:50:55.988-04:00","eventName":"n8n.node.finished","message":"n8n.node.finished","payload":{"workflowId":"KB20fsqtZuhSVIa3","workflowName":"send docpdf","executionId":"88","nodeType":"n8n-nodes-base.webhook","nodeName":"Webhook","nodeId":"b4780fb6-0160-486d-ae7d-e46ece39ae0a"}}
{"__type":"$$EventMessageConfirm","confirm":"49d61182-1aa3-4081-83c9-937cfe819b02","ts":"2026-06-23T11:50:55.988-04:00","source":{"id":"0","name":"eventBus"}}
{"__type":"$$EventMessageNode","id":"272c10cf-e2ed-4a4e-821a-60d8ff67b2f6","ts":"2026-06-23T11:50:55.988-04:00","eventName":"n8n.node.started","message":"n8n.node.started","payload":{"workflowId":"KB20fsqtZuhSVIa3","workflowName":"send docpdf","executionId":"88","nodeType":"n8n-nodes-base.telegram","nodeName":"Send DOCX","nodeId":"80c943fe-3b94-4712-a470-7c85d3b13742"}}
{"__type":"$$EventMessageConfirm","confirm":"272c10cf-e2ed-4a4e-821a-60d8ff67b2f6","ts":"2026-06-23T11:50:55.988-04:00","source":{"id":"0","name":"eventBus"}}
{"__type":"$$EventMessageNode","id":"c19d8160-1782-4729-b0ac-2782eecd1c44","ts":"2026-06-23T11:50:56.642-04:00","eventName":"n8n.node.finished","message":"n8n.node.finished","payload":{"workflowId":"KB20fsqtZuhSVIa3","workflowName":"send docpdf","executionId":"88","nodeType":"n8n-nodes-base.telegram","nodeName":"Send DOCX","nodeId":"80c943fe-3b94-4712-a470-7c85d3b13742"}}
{"__type":"$$EventMessageConfirm","confirm":"c19d8160-1782-4729-b0ac-2782eecd1c44","ts":"2026-06-23T11:50:56.642-04:00","source":{"id":"0","name":"eventBus"}}
{"__type":"$$EventMessageNode","id":"0c5048ec-127a-4fd7-8ed7-b35a3aa578b3","ts":"2026-06-23T11:50:56.642-04:00","eventName":"n8n.node.started","message":"n8n.node.started","payload":{"workflowId":"KB20fsqtZuhSVIa3","workflowName":"send docpdf","executionId":"88","nodeType":"n8n-nodes-base.telegram","nodeName":"Send PDF (Private)","nodeId":"3d7c5682-2538-45ae-b64d-71622d3cdeee"}}
{"__type":"$$EventMessageConfirm","confirm":"0c5048ec-127a-4fd7-8ed7-b35a3aa578b3","ts":"2026-06-23T11:50:56.642-04:00","source":{"id":"0","name":"eventBus"}}
{"__type":"$$EventMessageNode","id":"e2ea568a-6364-40d4-8b77-298222af77f1","ts":"2026-06-23T11:50:58.237-04:00","eventName":"n8n.node.finished","message":"n8n.node.finished","payload":{"workflowId":"KB20fsqtZuhSVIa3","workflowName":"send docpdf","executionId":"88","nodeType":"n8n-nodes-base.telegram","nodeName":"Send PDF (Private)","nodeId":"3d7c5682-2538-45ae-b64d-71622d3cdeee"}}
{"__type":"$$EventMessageConfirm","confirm":"e2ea568a-6364-40d4-8b77-298222af77f1","ts":"2026-06-23T11:50:58.237-04:00","source":{"id":"0","name":"eventBus"}}
{"__type":"$$EventMessageNode","id":"af5e6322-7db6-44e5-92e1-7f19f950223b","ts":"2026-06-23T11:50:58.239-04:00","eventName":"n8n.node.started","message":"n8n.node.started","payload":{"workflowId":"KB20fsqtZuhSVIa3","workflowName":"send docpdf","executionId":"88","nodeType":"n8n-nodes-base.telegram","nodeName":"Send a text message","nodeId":"db31f1b0-d2ef-495b-944b-0978153f8ac3"}}
{"__type":"$$EventMessageConfirm","confirm":"af5e6322-7db6-44e5-92e1-7f19f950223b","ts":"2026-06-23T11:50:58.239-04:00","source":{"id":"0","name":"eventBus"}}
{"__type":"$$EventMessageNode","id":"f8070dab-d8d4-48c6-940c-0e9428b2576e","ts":"2026-06-23T11:50:58.506-04:00","eventName":"n8n.node.finished","message":"n8n.node.finished","payload":{"workflowId":"KB20fsqtZuhSVIa3","workflowName":"send docpdf","executionId":"88","nodeType":"n8n-nodes-base.telegram","nodeName":"Send a text message","nodeId":"db31f1b0-d2ef-495b-944b-0978153f8ac3"}}
{"__type":"$$EventMessageConfirm","confirm":"f8070dab-d8d4-48c6-940c-0e9428b2576e","ts":"2026-06-23T11:50:58.506-04:00","source":{"id":"0","name":"eventBus"}}
{"__type":"$$EventMessageWorkflow","id":"07a4ca3e-4e22-4f48-bf93-b84da481f904","ts":"2026-06-23T11:50:58.508-04:00","eventName":"n8n.workflow.failed","message":"n8n.workflow.failed","payload":{"executionId":"88","success":false,"isManual":false,"workflowId":"KB20fsqtZuhSVIa3","workflowName":"send docpdf","lastNodeExecuted":"Send a text message","errorNodeType":"n8n-nodes-base.telegram","errorMessage":"Bad request - please check your parameters"}}
{"__type":"$$EventMessageConfirm","confirm":"07a4ca3e-4e22-4f48-bf93-b84da481f904","ts":"2026-06-23T11:50:58.508-04:00","source":{"id":"0","name":"eventBus"}}
{"__type":"$$EventMessageWorkflow","id":"4ec86b62-d4ad-4f81-bd19-545a72950212","ts":"2026-06-23T12:24:50.667-04:00","eventName":"n8n.workflow.started","message":"n8n.workflow.started","payload":{"executionId":"89","workflowId":"KB20fsqtZuhSVIa3","isManual":false,"workflowName":"send docpdf"}}
{"__type":"$$EventMessageConfirm","confirm":"4ec86b62-d4ad-4f81-bd19-545a72950212","ts":"2026-06-23T12:24:50.668-04:00","source":{"id":"0","name":"eventBus"}}
{"__type":"$$EventMessageNode","id":"26e8d308-5f51-43f0-a088-9e03678c8ecc","ts":"2026-06-23T12:24:50.669-04:00","eventName":"n8n.node.started","message":"n8n.node.started","payload":{"workflowId":"KB20fsqtZuhSVIa3","workflowName":"send docpdf","executionId":"89","nodeType":"n8n-nodes-base.webhook","nodeName":"Webhook","nodeId":"b4780fb6-0160-486d-ae7d-e46ece39ae0a"}}
{"__type":"$$EventMessageConfirm","confirm":"26e8d308-5f51-43f0-a088-9e03678c8ecc","ts":"2026-06-23T12:24:50.669-04:00","source":{"id":"0","name":"eventBus"}}
{"__type":"$$EventMessageNode","id":"e8a97e4c-698a-486a-b445-917dca03faf1","ts":"2026-06-23T12:24:50.675-04:00","eventName":"n8n.node.finished","message":"n8n.node.finished","payload":{"workflowId":"KB20fsqtZuhSVIa3","workflowName":"send docpdf","executionId":"89","nodeType":"n8n-nodes-base.webhook","nodeName":"Webhook","nodeId":"b4780fb6-0160-486d-ae7d-e46ece39ae0a"}}
{"__type":"$$EventMessageConfirm","confirm":"e8a97e4c-698a-486a-b445-917dca03faf1","ts":"2026-06-23T12:24:50.675-04:00","source":{"id":"0","name":"eventBus"}}
{"__type":"$$EventMessageNode","id":"0aaca85c-c513-41d8-be6b-3f7a9f98d00f","ts":"2026-06-23T12:24:50.675-04:00","eventName":"n8n.node.started","message":"n8n.node.started","payload":{"workflowId":"KB20fsqtZuhSVIa3","workflowName":"send docpdf","executionId":"89","nodeType":"n8n-nodes-base.telegram","nodeName":"Send DOCX","nodeId":"80c943fe-3b94-4712-a470-7c85d3b13742"}}
{"__type":"$$EventMessageConfirm","confirm":"0aaca85c-c513-41d8-be6b-3f7a9f98d00f","ts":"2026-06-23T12:24:50.676-04:00","source":{"id":"0","name":"eventBus"}}
{"__type":"$$EventMessageNode","id":"2b208a96-61b5-4857-bd26-0c2b2c38dc6d","ts":"2026-06-23T12:24:51.371-04:00","eventName":"n8n.node.finished","message":"n8n.node.finished","payload":{"workflowId":"KB20fsqtZuhSVIa3","workflowName":"send docpdf","executionId":"89","nodeType":"n8n-nodes-base.telegram","nodeName":"Send DOCX","nodeId":"80c943fe-3b94-4712-a470-7c85d3b13742"}}
{"__type":"$$EventMessageConfirm","confirm":"2b208a96-61b5-4857-bd26-0c2b2c38dc6d","ts":"2026-06-23T12:24:51.371-04:00","source":{"id":"0","name":"eventBus"}}
{"__type":"$$EventMessageNode","id":"bb4b45f1-5a87-4a14-89ed-dfb71b925464","ts":"2026-06-23T12:24:51.371-04:00","eventName":"n8n.node.started","message":"n8n.node.started","payload":{"workflowId":"KB20fsqtZuhSVIa3","workflowName":"send docpdf","executionId":"89","nodeType":"n8n-nodes-base.telegram","nodeName":"Send PDF (Private)","nodeId":"3d7c5682-2538-45ae-b64d-71622d3cdeee"}}
{"__type":"$$EventMessageConfirm","confirm":"bb4b45f1-5a87-4a14-89ed-dfb71b925464","ts":"2026-06-23T12:24:51.371-04:00","source":{"id":"0","name":"eventBus"}}
{"__type":"$$EventMessageNode","id":"2de72002-2f70-480b-b5d8-32f184e63cec","ts":"2026-06-23T12:24:53.089-04:00","eventName":"n8n.node.finished","message":"n8n.node.finished","payload":{"workflowId":"KB20fsqtZuhSVIa3","workflowName":"send docpdf","executionId":"89","nodeType":"n8n-nodes-base.telegram","nodeName":"Send PDF (Private)","nodeId":"3d7c5682-2538-45ae-b64d-71622d3cdeee"}}
{"__type":"$$EventMessageConfirm","confirm":"2de72002-2f70-480b-b5d8-32f184e63cec","ts":"2026-06-23T12:24:53.089-04:00","source":{"id":"0","name":"eventBus"}}
{"__type":"$$EventMessageNode","id":"18ae98fb-9f61-4c23-bf73-d8389b552b47","ts":"2026-06-23T12:24:53.089-04:00","eventName":"n8n.node.started","message":"n8n.node.started","payload":{"workflowId":"KB20fsqtZuhSVIa3","workflowName":"send docpdf","executionId":"89","nodeType":"n8n-nodes-base.telegram","nodeName":"Send a text message","nodeId":"db31f1b0-d2ef-495b-944b-0978153f8ac3"}}
{"__type":"$$EventMessageConfirm","confirm":"18ae98fb-9f61-4c23-bf73-d8389b552b47","ts":"2026-06-23T12:24:53.089-04:00","source":{"id":"0","name":"eventBus"}}
{"__type":"$$EventMessageNode","id":"994faeee-f111-4875-b32f-e38cfff97515","ts":"2026-06-23T12:24:53.347-04:00","eventName":"n8n.node.finished","message":"n8n.node.finished","payload":{"workflowId":"KB20fsqtZuhSVIa3","workflowName":"send docpdf","executionId":"89","nodeType":"n8n-nodes-base.telegram","nodeName":"Send a text message","nodeId":"db31f1b0-d2ef-495b-944b-0978153f8ac3"}}
{"__type":"$$EventMessageConfirm","confirm":"994faeee-f111-4875-b32f-e38cfff97515","ts":"2026-06-23T12:24:53.347-04:00","source":{"id":"0","name":"eventBus"}}
{"__type":"$$EventMessageWorkflow","id":"d8751b70-5f7b-4ed1-83ef-4a675fc37eda","ts":"2026-06-23T12:24:53.349-04:00","eventName":"n8n.workflow.failed","message":"n8n.workflow.failed","payload":{"executionId":"89","success":false,"isManual":false,"workflowId":"KB20fsqtZuhSVIa3","workflowName":"send docpdf","lastNodeExecuted":"Send a text message","errorNodeType":"n8n-nodes-base.telegram","errorMessage":"Bad request - please check your parameters"}}
{"__type":"$$EventMessageConfirm","confirm":"d8751b70-5f7b-4ed1-83ef-4a675fc37eda","ts":"2026-06-23T12:24:53.349-04:00","source":{"id":"0","name":"eventBus"}}
{"__type":"$$EventMessageWorkflow","id":"376a240e-6227-4c30-a5fb-7f2e6751d1fb","ts":"2026-06-23T13:05:32.874-04:00","eventName":"n8n.workflow.started","message":"n8n.workflow.started","payload":{"executionId":"90","workflowId":"KB20fsqtZuhSVIa3","isManual":false,"workflowName":"send docpdf"}}
{"__type":"$$EventMessageConfirm","confirm":"376a240e-6227-4c30-a5fb-7f2e6751d1fb","ts":"2026-06-23T13:05:32.875-04:00","source":{"id":"0","name":"eventBus"}}
{"__type":"$$EventMessageNode","id":"aabc57f1-6b62-46ae-859a-11861f2175bf","ts":"2026-06-23T13:05:32.875-04:00","eventName":"n8n.node.started","message":"n8n.node.started","payload":{"workflowId":"KB20fsqtZuhSVIa3","workflowName":"send docpdf","executionId":"90","nodeType":"n8n-nodes-base.webhook","nodeName":"Webhook","nodeId":"b4780fb6-0160-486d-ae7d-e46ece39ae0a"}}
{"__type":"$$EventMessageConfirm","confirm":"aabc57f1-6b62-46ae-859a-11861f2175bf","ts":"2026-06-23T13:05:32.876-04:00","source":{"id":"0","name":"eventBus"}}
{"__type":"$$EventMessageNode","id":"7ad1581d-0391-468e-8748-dbfe23d3d627","ts":"2026-06-23T13:05:32.877-04:00","eventName":"n8n.node.finished","message":"n8n.node.finished","payload":{"workflowId":"KB20fsqtZuhSVIa3","workflowName":"send docpdf","executionId":"90","nodeType":"n8n-nodes-base.webhook","nodeName":"Webhook","nodeId":"b4780fb6-0160-486d-ae7d-e46ece39ae0a"}}
{"__type":"$$EventMessageConfirm","confirm":"7ad1581d-0391-468e-8748-dbfe23d3d627","ts":"2026-06-23T13:05:32.878-04:00","source":{"id":"0","name":"eventBus"}}
{"__type":"$$EventMessageNode","id":"72b83d5c-e7ce-4d05-bb06-2335f2ee5c0b","ts":"2026-06-23T13:05:32.879-04:00","eventName":"n8n.node.started","message":"n8n.node.started","payload":{"workflowId":"KB20fsqtZuhSVIa3","workflowName":"send docpdf","executionId":"90","nodeType":"n8n-nodes-base.telegram","nodeName":"Send DOCX","nodeId":"80c943fe-3b94-4712-a470-7c85d3b13742"}}
{"__type":"$$EventMessageConfirm","confirm":"72b83d5c-e7ce-4d05-bb06-2335f2ee5c0b","ts":"2026-06-23T13:05:32.879-04:00","source":{"id":"0","name":"eventBus"}}
{"__type":"$$EventMessageNode","id":"c3a78034-728f-4223-a4f0-67d125b4a73b","ts":"2026-06-23T13:05:33.689-04:00","eventName":"n8n.node.finished","message":"n8n.node.finished","payload":{"workflowId":"KB20fsqtZuhSVIa3","workflowName":"send docpdf","executionId":"90","nodeType":"n8n-nodes-base.telegram","nodeName":"Send DOCX","nodeId":"80c943fe-3b94-4712-a470-7c85d3b13742"}}
{"__type":"$$EventMessageConfirm","confirm":"c3a78034-728f-4223-a4f0-67d125b4a73b","ts":"2026-06-23T13:05:33.689-04:00","source":{"id":"0","name":"eventBus"}}
{"__type":"$$EventMessageNode","id":"4d615160-6436-4261-8928-f9f1a4343468","ts":"2026-06-23T13:05:33.690-04:00","eventName":"n8n.node.started","message":"n8n.node.started","payload":{"workflowId":"KB20fsqtZuhSVIa3","workflowName":"send docpdf","executionId":"90","nodeType":"n8n-nodes-base.telegram","nodeName":"Send PDF (Private)","nodeId":"3d7c5682-2538-45ae-b64d-71622d3cdeee"}}
{"__type":"$$EventMessageConfirm","confirm":"4d615160-6436-4261-8928-f9f1a4343468","ts":"2026-06-23T13:05:33.690-04:00","source":{"id":"0","name":"eventBus"}}
{"__type":"$$EventMessageNode","id":"f5cb14a2-9f2c-4651-8a9f-5dc6d0d109fb","ts":"2026-06-23T13:05:35.462-04:00","eventName":"n8n.node.finished","message":"n8n.node.finished","payload":{"workflowId":"KB20fsqtZuhSVIa3","workflowName":"send docpdf","executionId":"90","nodeType":"n8n-nodes-base.telegram","nodeName":"Send PDF (Private)","nodeId":"3d7c5682-2538-45ae-b64d-71622d3cdeee"}}
{"__type":"$$EventMessageConfirm","confirm":"f5cb14a2-9f2c-4651-8a9f-5dc6d0d109fb","ts":"2026-06-23T13:05:35.462-04:00","source":{"id":"0","name":"eventBus"}}
{"__type":"$$EventMessageNode","id":"7b6e316a-a021-4044-a6e8-72c4115a4b50","ts":"2026-06-23T13:05:35.463-04:00","eventName":"n8n.node.started","message":"n8n.node.started","payload":{"workflowId":"KB20fsqtZuhSVIa3","workflowName":"send docpdf","executionId":"90","nodeType":"n8n-nodes-base.telegram","nodeName":"Send a text message","nodeId":"db31f1b0-d2ef-495b-944b-0978153f8ac3"}}
{"__type":"$$EventMessageConfirm","confirm":"7b6e316a-a021-4044-a6e8-72c4115a4b50","ts":"2026-06-23T13:05:35.463-04:00","source":{"id":"0","name":"eventBus"}}
{"__type":"$$EventMessageNode","id":"3f0c3e01-a7f1-498e-b15f-91cfaf1c56c3","ts":"2026-06-23T13:05:35.703-04:00","eventName":"n8n.node.finished","message":"n8n.node.finished","payload":{"workflowId":"KB20fsqtZuhSVIa3","workflowName":"send docpdf","executionId":"90","nodeType":"n8n-nodes-base.telegram","nodeName":"Send a text message","nodeId":"db31f1b0-d2ef-495b-944b-0978153f8ac3"}}
{"__type":"$$EventMessageConfirm","confirm":"3f0c3e01-a7f1-498e-b15f-91cfaf1c56c3","ts":"2026-06-23T13:05:35.703-04:00","source":{"id":"0","name":"eventBus"}}
{"__type":"$$EventMessageWorkflow","id":"4aff2b0c-2841-479d-886a-4d0755c73447","ts":"2026-06-23T13:05:35.704-04:00","eventName":"n8n.workflow.failed","message":"n8n.workflow.failed","payload":{"executionId":"90","success":false,"isManual":false,"workflowId":"KB20fsqtZuhSVIa3","workflowName":"send docpdf","lastNodeExecuted":"Send a text message","errorNodeType":"n8n-nodes-base.telegram","errorMessage":"Bad request - please check your parameters"}}
{"__type":"$$EventMessageConfirm","confirm":"4aff2b0c-2841-479d-886a-4d0755c73447","ts":"2026-06-23T13:05:35.704-04:00","source":{"id":"0","name":"eventBus"}}
{"__type":"$$EventMessageWorkflow","id":"b78e5533-4268-4c0f-b552-7e2a99254769","ts":"2026-06-23T19:00:51.144-04:00","eventName":"n8n.workflow.started","message":"n8n.workflow.started","payload":{"executionId":"91","workflowId":"KB20fsqtZuhSVIa3","isManual":false,"workflowName":"send docpdf"}}
{"__type":"$$EventMessageConfirm","confirm":"b78e5533-4268-4c0f-b552-7e2a99254769","ts":"2026-06-23T19:00:51.146-04:00","source":{"id":"0","name":"eventBus"}}
{"__type":"$$EventMessageNode","id":"45949b3a-ad8e-48fe-9d58-d473a080123e","ts":"2026-06-23T19:00:51.147-04:00","eventName":"n8n.node.started","message":"n8n.node.started","payload":{"workflowId":"KB20fsqtZuhSVIa3","workflowName":"send docpdf","executionId":"91","nodeType":"n8n-nodes-base.webhook","nodeName":"Webhook","nodeId":"b4780fb6-0160-486d-ae7d-e46ece39ae0a"}}
{"__type":"$$EventMessageConfirm","confirm":"45949b3a-ad8e-48fe-9d58-d473a080123e","ts":"2026-06-23T19:00:51.147-04:00","source":{"id":"0","name":"eventBus"}}
{"__type":"$$EventMessageNode","id":"61bbed9a-b296-43ea-aee5-f6ad4c1cec4a","ts":"2026-06-23T19:00:51.149-04:00","eventName":"n8n.node.finished","message":"n8n.node.finished","payload":{"workflowId":"KB20fsqtZuhSVIa3","workflowName":"send docpdf","executionId":"91","nodeType":"n8n-nodes-base.webhook","nodeName":"Webhook","nodeId":"b4780fb6-0160-486d-ae7d-e46ece39ae0a"}}
{"__type":"$$EventMessageConfirm","confirm":"61bbed9a-b296-43ea-aee5-f6ad4c1cec4a","ts":"2026-06-23T19:00:51.149-04:00","source":{"id":"0","name":"eventBus"}}
{"__type":"$$EventMessageNode","id":"c96db2e4-97df-41e4-a9db-706fdfcd347b","ts":"2026-06-23T19:00:51.149-04:00","eventName":"n8n.node.started","message":"n8n.node.started","payload":{"workflowId":"KB20fsqtZuhSVIa3","workflowName":"send docpdf","executionId":"91","nodeType":"n8n-nodes-base.telegram","nodeName":"Send DOCX","nodeId":"80c943fe-3b94-4712-a470-7c85d3b13742"}}
{"__type":"$$EventMessageConfirm","confirm":"c96db2e4-97df-41e4-a9db-706fdfcd347b","ts":"2026-06-23T19:00:51.149-04:00","source":{"id":"0","name":"eventBus"}}
{"__type":"$$EventMessageNode","id":"eb72b383-5e26-43c5-94f0-dd2d7216c029","ts":"2026-06-23T19:00:51.741-04:00","eventName":"n8n.node.finished","message":"n8n.node.finished","payload":{"workflowId":"KB20fsqtZuhSVIa3","workflowName":"send docpdf","executionId":"91","nodeType":"n8n-nodes-base.telegram","nodeName":"Send DOCX","nodeId":"80c943fe-3b94-4712-a470-7c85d3b13742"}}
{"__type":"$$EventMessageConfirm","confirm":"eb72b383-5e26-43c5-94f0-dd2d7216c029","ts":"2026-06-23T19:00:51.741-04:00","source":{"id":"0","name":"eventBus"}}
{"__type":"$$EventMessageNode","id":"6f676f05-8df9-4c27-a346-e2f0d4a1f339","ts":"2026-06-23T19:00:51.741-04:00","eventName":"n8n.node.started","message":"n8n.node.started","payload":{"workflowId":"KB20fsqtZuhSVIa3","workflowName":"send docpdf","executionId":"91","nodeType":"n8n-nodes-base.telegram","nodeName":"Send PDF (Private)","nodeId":"3d7c5682-2538-45ae-b64d-71622d3cdeee"}}
{"__type":"$$EventMessageConfirm","confirm":"6f676f05-8df9-4c27-a346-e2f0d4a1f339","ts":"2026-06-23T19:00:51.741-04:00","source":{"id":"0","name":"eventBus"}}
{"__type":"$$EventMessageNode","id":"e8d2932c-baee-4674-8062-94c43d19bf75","ts":"2026-06-23T19:00:52.834-04:00","eventName":"n8n.node.finished","message":"n8n.node.finished","payload":{"workflowId":"KB20fsqtZuhSVIa3","workflowName":"send docpdf","executionId":"91","nodeType":"n8n-nodes-base.telegram","nodeName":"Send PDF (Private)","nodeId":"3d7c5682-2538-45ae-b64d-71622d3cdeee"}}
{"__type":"$$EventMessageConfirm","confirm":"e8d2932c-baee-4674-8062-94c43d19bf75","ts":"2026-06-23T19:00:52.834-04:00","source":{"id":"0","name":"eventBus"}}
{"__type":"$$EventMessageNode","id":"0d09bb2e-9a7a-4bee-99b4-56a28747bdc1","ts":"2026-06-23T19:00:52.834-04:00","eventName":"n8n.node.started","message":"n8n.node.started","payload":{"workflowId":"KB20fsqtZuhSVIa3","workflowName":"send docpdf","executionId":"91","nodeType":"n8n-nodes-base.telegram","nodeName":"Send a text message","nodeId":"db31f1b0-d2ef-495b-944b-0978153f8ac3"}}
{"__type":"$$EventMessageConfirm","confirm":"0d09bb2e-9a7a-4bee-99b4-56a28747bdc1","ts":"2026-06-23T19:00:52.834-04:00","source":{"id":"0","name":"eventBus"}}
{"__type":"$$EventMessageNode","id":"3d3d4359-4499-448e-9818-0bde6a9e271f","ts":"2026-06-23T19:00:53.077-04:00","eventName":"n8n.node.finished","message":"n8n.node.finished","payload":{"workflowId":"KB20fsqtZuhSVIa3","workflowName":"send docpdf","executionId":"91","nodeType":"n8n-nodes-base.telegram","nodeName":"Send a text message","nodeId":"db31f1b0-d2ef-495b-944b-0978153f8ac3"}}
{"__type":"$$EventMessageConfirm","confirm":"3d3d4359-4499-448e-9818-0bde6a9e271f","ts":"2026-06-23T19:00:53.078-04:00","source":{"id":"0","name":"eventBus"}}
{"__type":"$$EventMessageWorkflow","id":"5e08d7c8-db95-4345-8b2a-2a2c656ec272","ts":"2026-06-23T19:00:53.079-04:00","eventName":"n8n.workflow.failed","message":"n8n.workflow.failed","payload":{"executionId":"91","success":false,"isManual":false,"workflowId":"KB20fsqtZuhSVIa3","workflowName":"send docpdf","lastNodeExecuted":"Send a text message","errorNodeType":"n8n-nodes-base.telegram","errorMessage":"Bad request - please check your parameters"}}
{"__type":"$$EventMessageConfirm","confirm":"5e08d7c8-db95-4345-8b2a-2a2c656ec272","ts":"2026-06-23T19:00:53.079-04:00","source":{"id":"0","name":"eventBus"}}
{"__type":"$$EventMessageWorkflow","id":"29ed62a0-f8ac-4a7f-ae1e-4c620f822638","ts":"2026-06-24T00:35:55.006-04:00","eventName":"n8n.workflow.started","message":"n8n.workflow.started","payload":{"executionId":"92","workflowId":"KB20fsqtZuhSVIa3","isManual":false,"workflowName":"send docpdf"}}
{"__type":"$$EventMessageConfirm","confirm":"29ed62a0-f8ac-4a7f-ae1e-4c620f822638","ts":"2026-06-24T00:35:55.008-04:00","source":{"id":"0","name":"eventBus"}}
{"__type":"$$EventMessageNode","id":"b96f07d4-1a59-400b-a728-e1261dcccac1","ts":"2026-06-24T00:35:55.009-04:00","eventName":"n8n.node.started","message":"n8n.node.started","payload":{"workflowId":"KB20fsqtZuhSVIa3","workflowName":"send docpdf","executionId":"92","nodeType":"n8n-nodes-base.webhook","nodeName":"Webhook","nodeId":"b4780fb6-0160-486d-ae7d-e46ece39ae0a"}}
{"__type":"$$EventMessageConfirm","confirm":"b96f07d4-1a59-400b-a728-e1261dcccac1","ts":"2026-06-24T00:35:55.009-04:00","source":{"id":"0","name":"eventBus"}}
{"__type":"$$EventMessageNode","id":"1f4c3d88-84d6-4adf-8ae2-ae184279e2bd","ts":"2026-06-24T00:35:55.011-04:00","eventName":"n8n.node.finished","message":"n8n.node.finished","payload":{"workflowId":"KB20fsqtZuhSVIa3","workflowName":"send docpdf","executionId":"92","nodeType":"n8n-nodes-base.webhook","nodeName":"Webhook","nodeId":"b4780fb6-0160-486d-ae7d-e46ece39ae0a"}}
{"__type":"$$EventMessageConfirm","confirm":"1f4c3d88-84d6-4adf-8ae2-ae184279e2bd","ts":"2026-06-24T00:35:55.011-04:00","source":{"id":"0","name":"eventBus"}}
{"__type":"$$EventMessageNode","id":"ffa5c9c8-acc2-4927-9d2f-5437c2530b2c","ts":"2026-06-24T00:35:55.012-04:00","eventName":"n8n.node.started","message":"n8n.node.started","payload":{"workflowId":"KB20fsqtZuhSVIa3","workflowName":"send docpdf","executionId":"92","nodeType":"n8n-nodes-base.telegram","nodeName":"Send DOCX","nodeId":"80c943fe-3b94-4712-a470-7c85d3b13742"}}
{"__type":"$$EventMessageConfirm","confirm":"ffa5c9c8-acc2-4927-9d2f-5437c2530b2c","ts":"2026-06-24T00:35:55.012-04:00","source":{"id":"0","name":"eventBus"}}
{"__type":"$$EventMessageNode","id":"e8786cd4-e35a-4f8a-ae5d-41474fd64eaa","ts":"2026-06-24T00:35:55.701-04:00","eventName":"n8n.node.finished","message":"n8n.node.finished","payload":{"workflowId":"KB20fsqtZuhSVIa3","workflowName":"send docpdf","executionId":"92","nodeType":"n8n-nodes-base.telegram","nodeName":"Send DOCX","nodeId":"80c943fe-3b94-4712-a470-7c85d3b13742"}}
{"__type":"$$EventMessageConfirm","confirm":"e8786cd4-e35a-4f8a-ae5d-41474fd64eaa","ts":"2026-06-24T00:35:55.701-04:00","source":{"id":"0","name":"eventBus"}}
{"__type":"$$EventMessageNode","id":"bc05acaf-960c-4f8e-9234-24b181def0fa","ts":"2026-06-24T00:35:55.701-04:00","eventName":"n8n.node.started","message":"n8n.node.started","payload":{"workflowId":"KB20fsqtZuhSVIa3","workflowName":"send docpdf","executionId":"92","nodeType":"n8n-nodes-base.telegram","nodeName":"Send PDF (Private)","nodeId":"3d7c5682-2538-45ae-b64d-71622d3cdeee"}}
{"__type":"$$EventMessageConfirm","confirm":"bc05acaf-960c-4f8e-9234-24b181def0fa","ts":"2026-06-24T00:35:55.701-04:00","source":{"id":"0","name":"eventBus"}}
{"__type":"$$EventMessageNode","id":"7479e293-e5b9-4f1a-b071-345c0a2c60bd","ts":"2026-06-24T00:35:57.096-04:00","eventName":"n8n.node.finished","message":"n8n.node.finished","payload":{"workflowId":"KB20fsqtZuhSVIa3","workflowName":"send docpdf","executionId":"92","nodeType":"n8n-nodes-base.telegram","nodeName":"Send PDF (Private)","nodeId":"3d7c5682-2538-45ae-b64d-71622d3cdeee"}}
{"__type":"$$EventMessageConfirm","confirm":"7479e293-e5b9-4f1a-b071-345c0a2c60bd","ts":"2026-06-24T00:35:57.096-04:00","source":{"id":"0","name":"eventBus"}}
{"__type":"$$EventMessageNode","id":"9d3fea3c-8f7c-4460-aba2-08d3145e153e","ts":"2026-06-24T00:35:57.096-04:00","eventName":"n8n.node.started","message":"n8n.node.started","payload":{"workflowId":"KB20fsqtZuhSVIa3","workflowName":"send docpdf","executionId":"92","nodeType":"n8n-nodes-base.telegram","nodeName":"Send a text message","nodeId":"db31f1b0-d2ef-495b-944b-0978153f8ac3"}}
{"__type":"$$EventMessageConfirm","confirm":"9d3fea3c-8f7c-4460-aba2-08d3145e153e","ts":"2026-06-24T00:35:57.096-04:00","source":{"id":"0","name":"eventBus"}}
{"__type":"$$EventMessageNode","id":"2caa92c9-13fd-45c6-900d-b8b2d3e3f89f","ts":"2026-06-24T00:35:57.325-04:00","eventName":"n8n.node.finished","message":"n8n.node.finished","payload":{"workflowId":"KB20fsqtZuhSVIa3","workflowName":"send docpdf","executionId":"92","nodeType":"n8n-nodes-base.telegram","nodeName":"Send a text message","nodeId":"db31f1b0-d2ef-495b-944b-0978153f8ac3"}}
{"__type":"$$EventMessageConfirm","confirm":"2caa92c9-13fd-45c6-900d-b8b2d3e3f89f","ts":"2026-06-24T00:35:57.325-04:00","source":{"id":"0","name":"eventBus"}}
{"__type":"$$EventMessageWorkflow","id":"d374f3af-7840-4c83-b45a-cf6b71ee2cd0","ts":"2026-06-24T00:35:57.326-04:00","eventName":"n8n.workflow.failed","message":"n8n.workflow.failed","payload":{"executionId":"92","success":false,"isManual":false,"workflowId":"KB20fsqtZuhSVIa3","workflowName":"send docpdf","lastNodeExecuted":"Send a text message","errorNodeType":"n8n-nodes-base.telegram","errorMessage":"Bad request - please check your parameters"}}
{"__type":"$$EventMessageConfirm","confirm":"d374f3af-7840-4c83-b45a-cf6b71ee2cd0","ts":"2026-06-24T00:35:57.326-04:00","source":{"id":"0","name":"eventBus"}}
