{"__type":"$$EventMessageAudit","id":"bdf09637-7f33-4afe-a1b3-eebbc28fd39b","ts":"2026-06-18T02:51:51.727-04:00","eventName":"n8n.audit.user.login.failed","message":"n8n.audit.user.login.failed","payload":{"authenticationMethod":"email","userEmail":"atomicphoenix1@yahoo.com","reason":"wrong credentials"}}
{"__type":"$$EventMessageConfirm","confirm":"bdf09637-7f33-4afe-a1b3-eebbc28fd39b","ts":"2026-06-18T02:51:51.728-04:00","source":{"id":"0","name":"eventBus"}}
{"__type":"$$EventMessageAudit","id":"cf890aa2-969d-4027-8ef4-9e60daf20603","ts":"2026-06-18T02:52:02.892-04:00","eventName":"n8n.audit.user.login.success","message":"n8n.audit.user.login.success","payload":{"userId":"5727ca93-5278-44ce-b1b1-aa028b055ef6","_email":"atomicphoenix1@yahoo.com","_firstName":"se","_lastName":"if","globalRole":"global:owner","authenticationMethod":"email"}}
{"__type":"$$EventMessageConfirm","confirm":"cf890aa2-969d-4027-8ef4-9e60daf20603","ts":"2026-06-18T02:52:02.892-04:00","source":{"id":"0","name":"eventBus"}}
{"__type":"$$EventMessageWorkflow","id":"985b0be6-b6bc-4d8f-990b-8baca0758274","ts":"2026-06-18T09:15:11.494-04:00","eventName":"n8n.workflow.started","message":"n8n.workflow.started","payload":{"executionId":"78","workflowId":"KB20fsqtZuhSVIa3","isManual":false,"workflowName":"send docpdf"}}
{"__type":"$$EventMessageConfirm","confirm":"985b0be6-b6bc-4d8f-990b-8baca0758274","ts":"2026-06-18T09:15:11.497-04:00","source":{"id":"0","name":"eventBus"}}
{"__type":"$$EventMessageNode","id":"a528c7da-1f19-48c2-8e6b-1e0661de0b3c","ts":"2026-06-18T09:15:11.499-04:00","eventName":"n8n.node.started","message":"n8n.node.started","payload":{"workflowId":"KB20fsqtZuhSVIa3","workflowName":"send docpdf","executionId":"78","nodeType":"n8n-nodes-base.webhook","nodeName":"Webhook","nodeId":"b4780fb6-0160-486d-ae7d-e46ece39ae0a"}}
{"__type":"$$EventMessageConfirm","confirm":"a528c7da-1f19-48c2-8e6b-1e0661de0b3c","ts":"2026-06-18T09:15:11.500-04:00","source":{"id":"0","name":"eventBus"}}
{"__type":"$$EventMessageNode","id":"d3c08328-c557-4c2b-9402-099302d00ed5","ts":"2026-06-18T09:15:11.504-04:00","eventName":"n8n.node.finished","message":"n8n.node.finished","payload":{"workflowId":"KB20fsqtZuhSVIa3","workflowName":"send docpdf","executionId":"78","nodeType":"n8n-nodes-base.webhook","nodeName":"Webhook","nodeId":"b4780fb6-0160-486d-ae7d-e46ece39ae0a"}}
{"__type":"$$EventMessageConfirm","confirm":"d3c08328-c557-4c2b-9402-099302d00ed5","ts":"2026-06-18T09:15:11.504-04:00","source":{"id":"0","name":"eventBus"}}
{"__type":"$$EventMessageNode","id":"5ef0599f-953c-4cbc-a5c1-841274df3362","ts":"2026-06-18T09:15:11.505-04:00","eventName":"n8n.node.started","message":"n8n.node.started","payload":{"workflowId":"KB20fsqtZuhSVIa3","workflowName":"send docpdf","executionId":"78","nodeType":"n8n-nodes-base.telegram","nodeName":"Send DOCX","nodeId":"80c943fe-3b94-4712-a470-7c85d3b13742"}}
{"__type":"$$EventMessageConfirm","confirm":"5ef0599f-953c-4cbc-a5c1-841274df3362","ts":"2026-06-18T09:15:11.505-04:00","source":{"id":"0","name":"eventBus"}}
{"__type":"$$EventMessageNode","id":"d8f2d2a5-3438-46b8-ab9a-cb05fad02131","ts":"2026-06-18T09:15:14.044-04:00","eventName":"n8n.node.finished","message":"n8n.node.finished","payload":{"workflowId":"KB20fsqtZuhSVIa3","workflowName":"send docpdf","executionId":"78","nodeType":"n8n-nodes-base.telegram","nodeName":"Send DOCX","nodeId":"80c943fe-3b94-4712-a470-7c85d3b13742"}}
{"__type":"$$EventMessageConfirm","confirm":"d8f2d2a5-3438-46b8-ab9a-cb05fad02131","ts":"2026-06-18T09:15:14.045-04:00","source":{"id":"0","name":"eventBus"}}
{"__type":"$$EventMessageNode","id":"ac416b1a-6779-4a4f-b3f1-673502e68222","ts":"2026-06-18T09:15:14.045-04:00","eventName":"n8n.node.started","message":"n8n.node.started","payload":{"workflowId":"KB20fsqtZuhSVIa3","workflowName":"send docpdf","executionId":"78","nodeType":"n8n-nodes-base.telegram","nodeName":"Send PDF (Private)","nodeId":"3d7c5682-2538-45ae-b64d-71622d3cdeee"}}
{"__type":"$$EventMessageConfirm","confirm":"ac416b1a-6779-4a4f-b3f1-673502e68222","ts":"2026-06-18T09:15:14.045-04:00","source":{"id":"0","name":"eventBus"}}
{"__type":"$$EventMessageNode","id":"ec8a5cdf-0053-4e1c-8a42-d896ca599250","ts":"2026-06-18T09:15:15.938-04:00","eventName":"n8n.node.finished","message":"n8n.node.finished","payload":{"workflowId":"KB20fsqtZuhSVIa3","workflowName":"send docpdf","executionId":"78","nodeType":"n8n-nodes-base.telegram","nodeName":"Send PDF (Private)","nodeId":"3d7c5682-2538-45ae-b64d-71622d3cdeee"}}
{"__type":"$$EventMessageConfirm","confirm":"ec8a5cdf-0053-4e1c-8a42-d896ca599250","ts":"2026-06-18T09:15:15.938-04:00","source":{"id":"0","name":"eventBus"}}
{"__type":"$$EventMessageNode","id":"94c03280-48a2-4ea5-99d1-75c37ee7fc85","ts":"2026-06-18T09:15:15.939-04:00","eventName":"n8n.node.started","message":"n8n.node.started","payload":{"workflowId":"KB20fsqtZuhSVIa3","workflowName":"send docpdf","executionId":"78","nodeType":"n8n-nodes-base.telegram","nodeName":"Send a text message","nodeId":"db31f1b0-d2ef-495b-944b-0978153f8ac3"}}
{"__type":"$$EventMessageConfirm","confirm":"94c03280-48a2-4ea5-99d1-75c37ee7fc85","ts":"2026-06-18T09:15:15.939-04:00","source":{"id":"0","name":"eventBus"}}
{"__type":"$$EventMessageNode","id":"9d7cd1e9-1a50-4137-8336-069e9279bd67","ts":"2026-06-18T09:15:17.548-04:00","eventName":"n8n.node.finished","message":"n8n.node.finished","payload":{"workflowId":"KB20fsqtZuhSVIa3","workflowName":"send docpdf","executionId":"78","nodeType":"n8n-nodes-base.telegram","nodeName":"Send a text message","nodeId":"db31f1b0-d2ef-495b-944b-0978153f8ac3"}}
{"__type":"$$EventMessageConfirm","confirm":"9d7cd1e9-1a50-4137-8336-069e9279bd67","ts":"2026-06-18T09:15:17.548-04:00","source":{"id":"0","name":"eventBus"}}
{"__type":"$$EventMessageWorkflow","id":"35842c4d-31e1-480c-a24c-b4c714ffc959","ts":"2026-06-18T09:15:17.554-04:00","eventName":"n8n.workflow.failed","message":"n8n.workflow.failed","payload":{"executionId":"78","success":false,"isManual":false,"workflowId":"KB20fsqtZuhSVIa3","workflowName":"send docpdf","lastNodeExecuted":"Send a text message","errorNodeType":"n8n-nodes-base.telegram","errorMessage":"Bad request - please check your parameters"}}
{"__type":"$$EventMessageConfirm","confirm":"35842c4d-31e1-480c-a24c-b4c714ffc959","ts":"2026-06-18T09:15:17.554-04:00","source":{"id":"0","name":"eventBus"}}
{"__type":"$$EventMessageWorkflow","id":"b170d380-5399-4207-a5e1-b76c277064a2","ts":"2026-06-18T09:19:39.461-04:00","eventName":"n8n.workflow.started","message":"n8n.workflow.started","payload":{"executionId":"79","workflowId":"KB20fsqtZuhSVIa3","isManual":false,"workflowName":"send docpdf"}}
{"__type":"$$EventMessageConfirm","confirm":"b170d380-5399-4207-a5e1-b76c277064a2","ts":"2026-06-18T09:19:39.461-04:00","source":{"id":"0","name":"eventBus"}}
{"__type":"$$EventMessageNode","id":"eb514b28-8873-405c-ab05-3aec1dd8942f","ts":"2026-06-18T09:19:39.462-04:00","eventName":"n8n.node.started","message":"n8n.node.started","payload":{"workflowId":"KB20fsqtZuhSVIa3","workflowName":"send docpdf","executionId":"79","nodeType":"n8n-nodes-base.webhook","nodeName":"Webhook","nodeId":"b4780fb6-0160-486d-ae7d-e46ece39ae0a"}}
{"__type":"$$EventMessageConfirm","confirm":"eb514b28-8873-405c-ab05-3aec1dd8942f","ts":"2026-06-18T09:19:39.462-04:00","source":{"id":"0","name":"eventBus"}}
{"__type":"$$EventMessageNode","id":"d7ebd1f9-2169-4f48-a598-72c24d434e9a","ts":"2026-06-18T09:19:39.463-04:00","eventName":"n8n.node.finished","message":"n8n.node.finished","payload":{"workflowId":"KB20fsqtZuhSVIa3","workflowName":"send docpdf","executionId":"79","nodeType":"n8n-nodes-base.webhook","nodeName":"Webhook","nodeId":"b4780fb6-0160-486d-ae7d-e46ece39ae0a"}}
{"__type":"$$EventMessageConfirm","confirm":"d7ebd1f9-2169-4f48-a598-72c24d434e9a","ts":"2026-06-18T09:19:39.463-04:00","source":{"id":"0","name":"eventBus"}}
{"__type":"$$EventMessageNode","id":"59e58fd6-4d36-4c5d-968d-d3e9084a45d9","ts":"2026-06-18T09:19:39.463-04:00","eventName":"n8n.node.started","message":"n8n.node.started","payload":{"workflowId":"KB20fsqtZuhSVIa3","workflowName":"send docpdf","executionId":"79","nodeType":"n8n-nodes-base.telegram","nodeName":"Send DOCX","nodeId":"80c943fe-3b94-4712-a470-7c85d3b13742"}}
{"__type":"$$EventMessageConfirm","confirm":"59e58fd6-4d36-4c5d-968d-d3e9084a45d9","ts":"2026-06-18T09:19:39.464-04:00","source":{"id":"0","name":"eventBus"}}
{"__type":"$$EventMessageNode","id":"046a107a-945c-41e0-96fe-cb70231b0c6d","ts":"2026-06-18T09:19:42.993-04:00","eventName":"n8n.node.finished","message":"n8n.node.finished","payload":{"workflowId":"KB20fsqtZuhSVIa3","workflowName":"send docpdf","executionId":"79","nodeType":"n8n-nodes-base.telegram","nodeName":"Send DOCX","nodeId":"80c943fe-3b94-4712-a470-7c85d3b13742"}}
{"__type":"$$EventMessageConfirm","confirm":"046a107a-945c-41e0-96fe-cb70231b0c6d","ts":"2026-06-18T09:19:42.993-04:00","source":{"id":"0","name":"eventBus"}}
{"__type":"$$EventMessageNode","id":"379f3d7e-38c8-4579-af9d-42fc39c7ac8e","ts":"2026-06-18T09:19:42.994-04:00","eventName":"n8n.node.started","message":"n8n.node.started","payload":{"workflowId":"KB20fsqtZuhSVIa3","workflowName":"send docpdf","executionId":"79","nodeType":"n8n-nodes-base.telegram","nodeName":"Send PDF (Private)","nodeId":"3d7c5682-2538-45ae-b64d-71622d3cdeee"}}
{"__type":"$$EventMessageConfirm","confirm":"379f3d7e-38c8-4579-af9d-42fc39c7ac8e","ts":"2026-06-18T09:19:42.994-04:00","source":{"id":"0","name":"eventBus"}}
{"__type":"$$EventMessageNode","id":"325abb7d-d374-4ddd-9884-e678713a52e1","ts":"2026-06-18T09:19:44.698-04:00","eventName":"n8n.node.finished","message":"n8n.node.finished","payload":{"workflowId":"KB20fsqtZuhSVIa3","workflowName":"send docpdf","executionId":"79","nodeType":"n8n-nodes-base.telegram","nodeName":"Send PDF (Private)","nodeId":"3d7c5682-2538-45ae-b64d-71622d3cdeee"}}
{"__type":"$$EventMessageConfirm","confirm":"325abb7d-d374-4ddd-9884-e678713a52e1","ts":"2026-06-18T09:19:44.698-04:00","source":{"id":"0","name":"eventBus"}}
{"__type":"$$EventMessageNode","id":"f51e2899-d833-488a-a729-b9b8c8fd8168","ts":"2026-06-18T09:19:44.700-04:00","eventName":"n8n.node.started","message":"n8n.node.started","payload":{"workflowId":"KB20fsqtZuhSVIa3","workflowName":"send docpdf","executionId":"79","nodeType":"n8n-nodes-base.telegram","nodeName":"Send a text message","nodeId":"db31f1b0-d2ef-495b-944b-0978153f8ac3"}}
{"__type":"$$EventMessageConfirm","confirm":"f51e2899-d833-488a-a729-b9b8c8fd8168","ts":"2026-06-18T09:19:44.700-04:00","source":{"id":"0","name":"eventBus"}}
{"__type":"$$EventMessageNode","id":"38ff077e-eae6-42cb-b1ef-28318437dd96","ts":"2026-06-18T09:19:45.594-04:00","eventName":"n8n.node.finished","message":"n8n.node.finished","payload":{"workflowId":"KB20fsqtZuhSVIa3","workflowName":"send docpdf","executionId":"79","nodeType":"n8n-nodes-base.telegram","nodeName":"Send a text message","nodeId":"db31f1b0-d2ef-495b-944b-0978153f8ac3"}}
{"__type":"$$EventMessageConfirm","confirm":"38ff077e-eae6-42cb-b1ef-28318437dd96","ts":"2026-06-18T09:19:45.594-04:00","source":{"id":"0","name":"eventBus"}}
{"__type":"$$EventMessageWorkflow","id":"b58bea82-cb54-4379-9adb-0bf4c943ed6f","ts":"2026-06-18T09:19:45.595-04:00","eventName":"n8n.workflow.failed","message":"n8n.workflow.failed","payload":{"executionId":"79","success":false,"isManual":false,"workflowId":"KB20fsqtZuhSVIa3","workflowName":"send docpdf","lastNodeExecuted":"Send a text message","errorNodeType":"n8n-nodes-base.telegram","errorMessage":"Bad request - please check your parameters"}}
{"__type":"$$EventMessageConfirm","confirm":"b58bea82-cb54-4379-9adb-0bf4c943ed6f","ts":"2026-06-18T09:19:45.595-04:00","source":{"id":"0","name":"eventBus"}}
{"__type":"$$EventMessageWorkflow","id":"d2bbea19-19a3-49cf-bde9-7dc2a1531512","ts":"2026-06-18T10:46:01.258-04:00","eventName":"n8n.workflow.started","message":"n8n.workflow.started","payload":{"executionId":"80","workflowId":"KB20fsqtZuhSVIa3","isManual":false,"workflowName":"send docpdf"}}
{"__type":"$$EventMessageConfirm","confirm":"d2bbea19-19a3-49cf-bde9-7dc2a1531512","ts":"2026-06-18T10:46:01.259-04:00","source":{"id":"0","name":"eventBus"}}
{"__type":"$$EventMessageNode","id":"5efea186-095c-452b-ac68-27e791896bdc","ts":"2026-06-18T10:46:01.260-04:00","eventName":"n8n.node.started","message":"n8n.node.started","payload":{"workflowId":"KB20fsqtZuhSVIa3","workflowName":"send docpdf","executionId":"80","nodeType":"n8n-nodes-base.webhook","nodeName":"Webhook","nodeId":"b4780fb6-0160-486d-ae7d-e46ece39ae0a"}}
{"__type":"$$EventMessageConfirm","confirm":"5efea186-095c-452b-ac68-27e791896bdc","ts":"2026-06-18T10:46:01.260-04:00","source":{"id":"0","name":"eventBus"}}
{"__type":"$$EventMessageNode","id":"c7661df5-ed84-487f-b7c7-9d8fc8f441d9","ts":"2026-06-18T10:46:01.262-04:00","eventName":"n8n.node.finished","message":"n8n.node.finished","payload":{"workflowId":"KB20fsqtZuhSVIa3","workflowName":"send docpdf","executionId":"80","nodeType":"n8n-nodes-base.webhook","nodeName":"Webhook","nodeId":"b4780fb6-0160-486d-ae7d-e46ece39ae0a"}}
{"__type":"$$EventMessageConfirm","confirm":"c7661df5-ed84-487f-b7c7-9d8fc8f441d9","ts":"2026-06-18T10:46:01.263-04:00","source":{"id":"0","name":"eventBus"}}
{"__type":"$$EventMessageNode","id":"610cbb0b-deb5-437e-8603-e0fac462fe3b","ts":"2026-06-18T10:46:01.263-04:00","eventName":"n8n.node.started","message":"n8n.node.started","payload":{"workflowId":"KB20fsqtZuhSVIa3","workflowName":"send docpdf","executionId":"80","nodeType":"n8n-nodes-base.telegram","nodeName":"Send DOCX","nodeId":"80c943fe-3b94-4712-a470-7c85d3b13742"}}
{"__type":"$$EventMessageConfirm","confirm":"610cbb0b-deb5-437e-8603-e0fac462fe3b","ts":"2026-06-18T10:46:01.263-04:00","source":{"id":"0","name":"eventBus"}}
{"__type":"$$EventMessageNode","id":"80e86c8f-5d5e-435d-aa00-2ea23eeaef05","ts":"2026-06-18T10:46:01.930-04:00","eventName":"n8n.node.finished","message":"n8n.node.finished","payload":{"workflowId":"KB20fsqtZuhSVIa3","workflowName":"send docpdf","executionId":"80","nodeType":"n8n-nodes-base.telegram","nodeName":"Send DOCX","nodeId":"80c943fe-3b94-4712-a470-7c85d3b13742"}}
{"__type":"$$EventMessageConfirm","confirm":"80e86c8f-5d5e-435d-aa00-2ea23eeaef05","ts":"2026-06-18T10:46:01.931-04:00","source":{"id":"0","name":"eventBus"}}
{"__type":"$$EventMessageNode","id":"9bf0cd35-b795-469d-bc4d-265535dad33e","ts":"2026-06-18T10:46:01.931-04:00","eventName":"n8n.node.started","message":"n8n.node.started","payload":{"workflowId":"KB20fsqtZuhSVIa3","workflowName":"send docpdf","executionId":"80","nodeType":"n8n-nodes-base.telegram","nodeName":"Send PDF (Private)","nodeId":"3d7c5682-2538-45ae-b64d-71622d3cdeee"}}
{"__type":"$$EventMessageConfirm","confirm":"9bf0cd35-b795-469d-bc4d-265535dad33e","ts":"2026-06-18T10:46:01.931-04:00","source":{"id":"0","name":"eventBus"}}
{"__type":"$$EventMessageNode","id":"ec7c6638-a5c6-4082-901b-b18b3dfd752a","ts":"2026-06-18T10:46:03.632-04:00","eventName":"n8n.node.finished","message":"n8n.node.finished","payload":{"workflowId":"KB20fsqtZuhSVIa3","workflowName":"send docpdf","executionId":"80","nodeType":"n8n-nodes-base.telegram","nodeName":"Send PDF (Private)","nodeId":"3d7c5682-2538-45ae-b64d-71622d3cdeee"}}
{"__type":"$$EventMessageConfirm","confirm":"ec7c6638-a5c6-4082-901b-b18b3dfd752a","ts":"2026-06-18T10:46:03.633-04:00","source":{"id":"0","name":"eventBus"}}
{"__type":"$$EventMessageNode","id":"8a4fbc31-a409-4285-b6d2-93c1e6784eda","ts":"2026-06-18T10:46:03.633-04:00","eventName":"n8n.node.started","message":"n8n.node.started","payload":{"workflowId":"KB20fsqtZuhSVIa3","workflowName":"send docpdf","executionId":"80","nodeType":"n8n-nodes-base.telegram","nodeName":"Send a text message","nodeId":"db31f1b0-d2ef-495b-944b-0978153f8ac3"}}
{"__type":"$$EventMessageConfirm","confirm":"8a4fbc31-a409-4285-b6d2-93c1e6784eda","ts":"2026-06-18T10:46:03.633-04:00","source":{"id":"0","name":"eventBus"}}
{"__type":"$$EventMessageNode","id":"b479c2a9-3521-4bb0-ad04-cacb6cdefc04","ts":"2026-06-18T10:46:04.068-04:00","eventName":"n8n.node.finished","message":"n8n.node.finished","payload":{"workflowId":"KB20fsqtZuhSVIa3","workflowName":"send docpdf","executionId":"80","nodeType":"n8n-nodes-base.telegram","nodeName":"Send a text message","nodeId":"db31f1b0-d2ef-495b-944b-0978153f8ac3"}}
{"__type":"$$EventMessageConfirm","confirm":"b479c2a9-3521-4bb0-ad04-cacb6cdefc04","ts":"2026-06-18T10:46:04.068-04:00","source":{"id":"0","name":"eventBus"}}
{"__type":"$$EventMessageWorkflow","id":"a2caf26f-b1f7-444f-b639-57d31078c6ed","ts":"2026-06-18T10:46:04.070-04:00","eventName":"n8n.workflow.failed","message":"n8n.workflow.failed","payload":{"executionId":"80","success":false,"isManual":false,"workflowId":"KB20fsqtZuhSVIa3","workflowName":"send docpdf","lastNodeExecuted":"Send a text message","errorNodeType":"n8n-nodes-base.telegram","errorMessage":"Bad request - please check your parameters"}}
{"__type":"$$EventMessageConfirm","confirm":"a2caf26f-b1f7-444f-b639-57d31078c6ed","ts":"2026-06-18T10:46:04.070-04:00","source":{"id":"0","name":"eventBus"}}
{"__type":"$$EventMessageWorkflow","id":"a4a5403b-bc70-486a-8d2a-24279841f043","ts":"2026-06-18T10:48:41.729-04:00","eventName":"n8n.workflow.started","message":"n8n.workflow.started","payload":{"executionId":"81","workflowId":"KB20fsqtZuhSVIa3","isManual":false,"workflowName":"send docpdf"}}
{"__type":"$$EventMessageConfirm","confirm":"a4a5403b-bc70-486a-8d2a-24279841f043","ts":"2026-06-18T10:48:41.729-04:00","source":{"id":"0","name":"eventBus"}}
{"__type":"$$EventMessageNode","id":"2c3ba4ef-d3bb-4a18-a7e5-5c67bf15ecba","ts":"2026-06-18T10:48:41.730-04:00","eventName":"n8n.node.started","message":"n8n.node.started","payload":{"workflowId":"KB20fsqtZuhSVIa3","workflowName":"send docpdf","executionId":"81","nodeType":"n8n-nodes-base.webhook","nodeName":"Webhook","nodeId":"b4780fb6-0160-486d-ae7d-e46ece39ae0a"}}
{"__type":"$$EventMessageConfirm","confirm":"2c3ba4ef-d3bb-4a18-a7e5-5c67bf15ecba","ts":"2026-06-18T10:48:41.730-04:00","source":{"id":"0","name":"eventBus"}}
{"__type":"$$EventMessageNode","id":"076667c8-0f99-418d-8451-43440e00e6e6","ts":"2026-06-18T10:48:41.730-04:00","eventName":"n8n.node.finished","message":"n8n.node.finished","payload":{"workflowId":"KB20fsqtZuhSVIa3","workflowName":"send docpdf","executionId":"81","nodeType":"n8n-nodes-base.webhook","nodeName":"Webhook","nodeId":"b4780fb6-0160-486d-ae7d-e46ece39ae0a"}}
{"__type":"$$EventMessageConfirm","confirm":"076667c8-0f99-418d-8451-43440e00e6e6","ts":"2026-06-18T10:48:41.730-04:00","source":{"id":"0","name":"eventBus"}}
{"__type":"$$EventMessageNode","id":"6efc91dd-578a-4b08-a0cb-0f6cf4480f93","ts":"2026-06-18T10:48:41.730-04:00","eventName":"n8n.node.started","message":"n8n.node.started","payload":{"workflowId":"KB20fsqtZuhSVIa3","workflowName":"send docpdf","executionId":"81","nodeType":"n8n-nodes-base.telegram","nodeName":"Send DOCX","nodeId":"80c943fe-3b94-4712-a470-7c85d3b13742"}}
{"__type":"$$EventMessageConfirm","confirm":"6efc91dd-578a-4b08-a0cb-0f6cf4480f93","ts":"2026-06-18T10:48:41.731-04:00","source":{"id":"0","name":"eventBus"}}
{"__type":"$$EventMessageNode","id":"6cf76f9c-f401-4ef5-91ae-a11a1d231784","ts":"2026-06-18T10:48:43.325-04:00","eventName":"n8n.node.finished","message":"n8n.node.finished","payload":{"workflowId":"KB20fsqtZuhSVIa3","workflowName":"send docpdf","executionId":"81","nodeType":"n8n-nodes-base.telegram","nodeName":"Send DOCX","nodeId":"80c943fe-3b94-4712-a470-7c85d3b13742"}}
{"__type":"$$EventMessageConfirm","confirm":"6cf76f9c-f401-4ef5-91ae-a11a1d231784","ts":"2026-06-18T10:48:43.325-04:00","source":{"id":"0","name":"eventBus"}}
{"__type":"$$EventMessageNode","id":"0ef0b809-7e50-4774-b61c-c2b1284e78e2","ts":"2026-06-18T10:48:43.325-04:00","eventName":"n8n.node.started","message":"n8n.node.started","payload":{"workflowId":"KB20fsqtZuhSVIa3","workflowName":"send docpdf","executionId":"81","nodeType":"n8n-nodes-base.telegram","nodeName":"Send PDF (Private)","nodeId":"3d7c5682-2538-45ae-b64d-71622d3cdeee"}}
{"__type":"$$EventMessageConfirm","confirm":"0ef0b809-7e50-4774-b61c-c2b1284e78e2","ts":"2026-06-18T10:48:43.326-04:00","source":{"id":"0","name":"eventBus"}}
{"__type":"$$EventMessageNode","id":"fb34c813-3441-487c-affa-b6713cb7ce39","ts":"2026-06-18T10:48:44.843-04:00","eventName":"n8n.node.finished","message":"n8n.node.finished","payload":{"workflowId":"KB20fsqtZuhSVIa3","workflowName":"send docpdf","executionId":"81","nodeType":"n8n-nodes-base.telegram","nodeName":"Send PDF (Private)","nodeId":"3d7c5682-2538-45ae-b64d-71622d3cdeee"}}
{"__type":"$$EventMessageConfirm","confirm":"fb34c813-3441-487c-affa-b6713cb7ce39","ts":"2026-06-18T10:48:44.843-04:00","source":{"id":"0","name":"eventBus"}}
{"__type":"$$EventMessageNode","id":"438f03f6-27ea-4232-bd91-85735208e342","ts":"2026-06-18T10:48:44.844-04:00","eventName":"n8n.node.started","message":"n8n.node.started","payload":{"workflowId":"KB20fsqtZuhSVIa3","workflowName":"send docpdf","executionId":"81","nodeType":"n8n-nodes-base.telegram","nodeName":"Send a text message","nodeId":"db31f1b0-d2ef-495b-944b-0978153f8ac3"}}
{"__type":"$$EventMessageConfirm","confirm":"438f03f6-27ea-4232-bd91-85735208e342","ts":"2026-06-18T10:48:44.844-04:00","source":{"id":"0","name":"eventBus"}}
{"__type":"$$EventMessageNode","id":"f29a1b53-6184-41d5-bffc-7e57f02c823b","ts":"2026-06-18T10:48:45.129-04:00","eventName":"n8n.node.finished","message":"n8n.node.finished","payload":{"workflowId":"KB20fsqtZuhSVIa3","workflowName":"send docpdf","executionId":"81","nodeType":"n8n-nodes-base.telegram","nodeName":"Send a text message","nodeId":"db31f1b0-d2ef-495b-944b-0978153f8ac3"}}
{"__type":"$$EventMessageConfirm","confirm":"f29a1b53-6184-41d5-bffc-7e57f02c823b","ts":"2026-06-18T10:48:45.129-04:00","source":{"id":"0","name":"eventBus"}}
{"__type":"$$EventMessageWorkflow","id":"8e000159-cc13-4cd6-867f-544f3afff5db","ts":"2026-06-18T10:48:45.129-04:00","eventName":"n8n.workflow.failed","message":"n8n.workflow.failed","payload":{"executionId":"81","success":false,"isManual":false,"workflowId":"KB20fsqtZuhSVIa3","workflowName":"send docpdf","lastNodeExecuted":"Send a text message","errorNodeType":"n8n-nodes-base.telegram","errorMessage":"Bad request - please check your parameters"}}
{"__type":"$$EventMessageConfirm","confirm":"8e000159-cc13-4cd6-867f-544f3afff5db","ts":"2026-06-18T10:48:45.129-04:00","source":{"id":"0","name":"eventBus"}}
{"__type":"$$EventMessageWorkflow","id":"aa536251-d981-4f7a-a265-d60cf16d7ad9","ts":"2026-06-18T10:58:08.850-04:00","eventName":"n8n.workflow.started","message":"n8n.workflow.started","payload":{"executionId":"82","workflowId":"KB20fsqtZuhSVIa3","isManual":false,"workflowName":"send docpdf"}}
{"__type":"$$EventMessageConfirm","confirm":"aa536251-d981-4f7a-a265-d60cf16d7ad9","ts":"2026-06-18T10:58:08.850-04:00","source":{"id":"0","name":"eventBus"}}
{"__type":"$$EventMessageNode","id":"df926982-af13-4a38-90de-ee41670be0e0","ts":"2026-06-18T10:58:08.850-04:00","eventName":"n8n.node.started","message":"n8n.node.started","payload":{"workflowId":"KB20fsqtZuhSVIa3","workflowName":"send docpdf","executionId":"82","nodeType":"n8n-nodes-base.webhook","nodeName":"Webhook","nodeId":"b4780fb6-0160-486d-ae7d-e46ece39ae0a"}}
{"__type":"$$EventMessageConfirm","confirm":"df926982-af13-4a38-90de-ee41670be0e0","ts":"2026-06-18T10:58:08.850-04:00","source":{"id":"0","name":"eventBus"}}
{"__type":"$$EventMessageNode","id":"83a24345-92e3-4ea6-a678-7c796ff84b9b","ts":"2026-06-18T10:58:08.851-04:00","eventName":"n8n.node.finished","message":"n8n.node.finished","payload":{"workflowId":"KB20fsqtZuhSVIa3","workflowName":"send docpdf","executionId":"82","nodeType":"n8n-nodes-base.webhook","nodeName":"Webhook","nodeId":"b4780fb6-0160-486d-ae7d-e46ece39ae0a"}}
{"__type":"$$EventMessageConfirm","confirm":"83a24345-92e3-4ea6-a678-7c796ff84b9b","ts":"2026-06-18T10:58:08.851-04:00","source":{"id":"0","name":"eventBus"}}
{"__type":"$$EventMessageNode","id":"d5f3ddd7-b754-4b7c-8516-11d2dc81c8a4","ts":"2026-06-18T10:58:08.851-04:00","eventName":"n8n.node.started","message":"n8n.node.started","payload":{"workflowId":"KB20fsqtZuhSVIa3","workflowName":"send docpdf","executionId":"82","nodeType":"n8n-nodes-base.telegram","nodeName":"Send DOCX","nodeId":"80c943fe-3b94-4712-a470-7c85d3b13742"}}
{"__type":"$$EventMessageConfirm","confirm":"d5f3ddd7-b754-4b7c-8516-11d2dc81c8a4","ts":"2026-06-18T10:58:08.851-04:00","source":{"id":"0","name":"eventBus"}}
{"__type":"$$EventMessageNode","id":"c9f523ac-0a07-4849-bd6c-b0fb20487f55","ts":"2026-06-18T10:58:11.293-04:00","eventName":"n8n.node.finished","message":"n8n.node.finished","payload":{"workflowId":"KB20fsqtZuhSVIa3","workflowName":"send docpdf","executionId":"82","nodeType":"n8n-nodes-base.telegram","nodeName":"Send DOCX","nodeId":"80c943fe-3b94-4712-a470-7c85d3b13742"}}
{"__type":"$$EventMessageConfirm","confirm":"c9f523ac-0a07-4849-bd6c-b0fb20487f55","ts":"2026-06-18T10:58:11.294-04:00","source":{"id":"0","name":"eventBus"}}
{"__type":"$$EventMessageNode","id":"53a23d54-33d2-47e8-a993-3d319c5d4aea","ts":"2026-06-18T10:58:11.294-04:00","eventName":"n8n.node.started","message":"n8n.node.started","payload":{"workflowId":"KB20fsqtZuhSVIa3","workflowName":"send docpdf","executionId":"82","nodeType":"n8n-nodes-base.telegram","nodeName":"Send PDF (Private)","nodeId":"3d7c5682-2538-45ae-b64d-71622d3cdeee"}}
{"__type":"$$EventMessageConfirm","confirm":"53a23d54-33d2-47e8-a993-3d319c5d4aea","ts":"2026-06-18T10:58:11.294-04:00","source":{"id":"0","name":"eventBus"}}
{"__type":"$$EventMessageNode","id":"c10f22c2-4f07-4425-b5cf-2ed9aea2df24","ts":"2026-06-18T10:58:13.443-04:00","eventName":"n8n.node.finished","message":"n8n.node.finished","payload":{"workflowId":"KB20fsqtZuhSVIa3","workflowName":"send docpdf","executionId":"82","nodeType":"n8n-nodes-base.telegram","nodeName":"Send PDF (Private)","nodeId":"3d7c5682-2538-45ae-b64d-71622d3cdeee"}}
{"__type":"$$EventMessageConfirm","confirm":"c10f22c2-4f07-4425-b5cf-2ed9aea2df24","ts":"2026-06-18T10:58:13.444-04:00","source":{"id":"0","name":"eventBus"}}
{"__type":"$$EventMessageNode","id":"5df9f8c7-c62d-46ba-ab59-571437870859","ts":"2026-06-18T10:58:13.444-04:00","eventName":"n8n.node.started","message":"n8n.node.started","payload":{"workflowId":"KB20fsqtZuhSVIa3","workflowName":"send docpdf","executionId":"82","nodeType":"n8n-nodes-base.telegram","nodeName":"Send a text message","nodeId":"db31f1b0-d2ef-495b-944b-0978153f8ac3"}}
{"__type":"$$EventMessageConfirm","confirm":"5df9f8c7-c62d-46ba-ab59-571437870859","ts":"2026-06-18T10:58:13.444-04:00","source":{"id":"0","name":"eventBus"}}
{"__type":"$$EventMessageNode","id":"bd8cbee6-25e5-49a3-b5e0-71a3ae8fb3b0","ts":"2026-06-18T10:58:15.086-04:00","eventName":"n8n.node.finished","message":"n8n.node.finished","payload":{"workflowId":"KB20fsqtZuhSVIa3","workflowName":"send docpdf","executionId":"82","nodeType":"n8n-nodes-base.telegram","nodeName":"Send a text message","nodeId":"db31f1b0-d2ef-495b-944b-0978153f8ac3"}}
{"__type":"$$EventMessageConfirm","confirm":"bd8cbee6-25e5-49a3-b5e0-71a3ae8fb3b0","ts":"2026-06-18T10:58:15.086-04:00","source":{"id":"0","name":"eventBus"}}
{"__type":"$$EventMessageWorkflow","id":"d9f3411b-7859-457b-a516-e47476168c2e","ts":"2026-06-18T10:58:15.087-04:00","eventName":"n8n.workflow.failed","message":"n8n.workflow.failed","payload":{"executionId":"82","success":false,"isManual":false,"workflowId":"KB20fsqtZuhSVIa3","workflowName":"send docpdf","lastNodeExecuted":"Send a text message","errorNodeType":"n8n-nodes-base.telegram","errorMessage":"Bad request - please check your parameters"}}
{"__type":"$$EventMessageConfirm","confirm":"d9f3411b-7859-457b-a516-e47476168c2e","ts":"2026-06-18T10:58:15.087-04:00","source":{"id":"0","name":"eventBus"}}
{"__type":"$$EventMessageWorkflow","id":"0300c4b0-f852-4cc2-aae2-bad638e6c52d","ts":"2026-06-18T11:07:46.770-04:00","eventName":"n8n.workflow.started","message":"n8n.workflow.started","payload":{"executionId":"83","workflowId":"KB20fsqtZuhSVIa3","isManual":false,"workflowName":"send docpdf"}}
{"__type":"$$EventMessageConfirm","confirm":"0300c4b0-f852-4cc2-aae2-bad638e6c52d","ts":"2026-06-18T11:07:46.770-04:00","source":{"id":"0","name":"eventBus"}}
{"__type":"$$EventMessageNode","id":"41e66fcc-95f5-4657-b188-22387b49700a","ts":"2026-06-18T11:07:46.770-04:00","eventName":"n8n.node.started","message":"n8n.node.started","payload":{"workflowId":"KB20fsqtZuhSVIa3","workflowName":"send docpdf","executionId":"83","nodeType":"n8n-nodes-base.webhook","nodeName":"Webhook","nodeId":"b4780fb6-0160-486d-ae7d-e46ece39ae0a"}}
{"__type":"$$EventMessageConfirm","confirm":"41e66fcc-95f5-4657-b188-22387b49700a","ts":"2026-06-18T11:07:46.770-04:00","source":{"id":"0","name":"eventBus"}}
{"__type":"$$EventMessageNode","id":"ce11e92a-cf55-45fb-8ce6-d0851bf5fb23","ts":"2026-06-18T11:07:46.771-04:00","eventName":"n8n.node.finished","message":"n8n.node.finished","payload":{"workflowId":"KB20fsqtZuhSVIa3","workflowName":"send docpdf","executionId":"83","nodeType":"n8n-nodes-base.webhook","nodeName":"Webhook","nodeId":"b4780fb6-0160-486d-ae7d-e46ece39ae0a"}}
{"__type":"$$EventMessageConfirm","confirm":"ce11e92a-cf55-45fb-8ce6-d0851bf5fb23","ts":"2026-06-18T11:07:46.771-04:00","source":{"id":"0","name":"eventBus"}}
{"__type":"$$EventMessageNode","id":"7b760f1e-9cb2-47b6-8e5e-5b6476c6aca0","ts":"2026-06-18T11:07:46.771-04:00","eventName":"n8n.node.started","message":"n8n.node.started","payload":{"workflowId":"KB20fsqtZuhSVIa3","workflowName":"send docpdf","executionId":"83","nodeType":"n8n-nodes-base.telegram","nodeName":"Send DOCX","nodeId":"80c943fe-3b94-4712-a470-7c85d3b13742"}}
{"__type":"$$EventMessageConfirm","confirm":"7b760f1e-9cb2-47b6-8e5e-5b6476c6aca0","ts":"2026-06-18T11:07:46.772-04:00","source":{"id":"0","name":"eventBus"}}
{"__type":"$$EventMessageNode","id":"553509e2-ea74-45dc-bfce-162112979c06","ts":"2026-06-18T11:07:47.584-04:00","eventName":"n8n.node.finished","message":"n8n.node.finished","payload":{"workflowId":"KB20fsqtZuhSVIa3","workflowName":"send docpdf","executionId":"83","nodeType":"n8n-nodes-base.telegram","nodeName":"Send DOCX","nodeId":"80c943fe-3b94-4712-a470-7c85d3b13742"}}
{"__type":"$$EventMessageConfirm","confirm":"553509e2-ea74-45dc-bfce-162112979c06","ts":"2026-06-18T11:07:47.584-04:00","source":{"id":"0","name":"eventBus"}}
{"__type":"$$EventMessageNode","id":"9b10e669-8594-423a-891e-b3571f0f965e","ts":"2026-06-18T11:07:47.585-04:00","eventName":"n8n.node.started","message":"n8n.node.started","payload":{"workflowId":"KB20fsqtZuhSVIa3","workflowName":"send docpdf","executionId":"83","nodeType":"n8n-nodes-base.telegram","nodeName":"Send PDF (Private)","nodeId":"3d7c5682-2538-45ae-b64d-71622d3cdeee"}}
{"__type":"$$EventMessageConfirm","confirm":"9b10e669-8594-423a-891e-b3571f0f965e","ts":"2026-06-18T11:07:47.585-04:00","source":{"id":"0","name":"eventBus"}}
{"__type":"$$EventMessageNode","id":"016e7dbb-6bbe-44f4-9708-552e3c451cd2","ts":"2026-06-18T11:07:49.192-04:00","eventName":"n8n.node.finished","message":"n8n.node.finished","payload":{"workflowId":"KB20fsqtZuhSVIa3","workflowName":"send docpdf","executionId":"83","nodeType":"n8n-nodes-base.telegram","nodeName":"Send PDF (Private)","nodeId":"3d7c5682-2538-45ae-b64d-71622d3cdeee"}}
{"__type":"$$EventMessageConfirm","confirm":"016e7dbb-6bbe-44f4-9708-552e3c451cd2","ts":"2026-06-18T11:07:49.193-04:00","source":{"id":"0","name":"eventBus"}}
{"__type":"$$EventMessageNode","id":"b506a3cf-52e3-4fe6-a3c9-3c7dffdfc9f3","ts":"2026-06-18T11:07:49.193-04:00","eventName":"n8n.node.started","message":"n8n.node.started","payload":{"workflowId":"KB20fsqtZuhSVIa3","workflowName":"send docpdf","executionId":"83","nodeType":"n8n-nodes-base.telegram","nodeName":"Send a text message","nodeId":"db31f1b0-d2ef-495b-944b-0978153f8ac3"}}
{"__type":"$$EventMessageConfirm","confirm":"b506a3cf-52e3-4fe6-a3c9-3c7dffdfc9f3","ts":"2026-06-18T11:07:49.193-04:00","source":{"id":"0","name":"eventBus"}}
{"__type":"$$EventMessageNode","id":"d58e72c8-df31-40c7-ad33-83ca608297e6","ts":"2026-06-18T11:07:49.492-04:00","eventName":"n8n.node.finished","message":"n8n.node.finished","payload":{"workflowId":"KB20fsqtZuhSVIa3","workflowName":"send docpdf","executionId":"83","nodeType":"n8n-nodes-base.telegram","nodeName":"Send a text message","nodeId":"db31f1b0-d2ef-495b-944b-0978153f8ac3"}}
{"__type":"$$EventMessageConfirm","confirm":"d58e72c8-df31-40c7-ad33-83ca608297e6","ts":"2026-06-18T11:07:49.492-04:00","source":{"id":"0","name":"eventBus"}}
{"__type":"$$EventMessageWorkflow","id":"86711794-f2b6-4025-9794-e031cf8cccc6","ts":"2026-06-18T11:07:49.493-04:00","eventName":"n8n.workflow.failed","message":"n8n.workflow.failed","payload":{"executionId":"83","success":false,"isManual":false,"workflowId":"KB20fsqtZuhSVIa3","workflowName":"send docpdf","lastNodeExecuted":"Send a text message","errorNodeType":"n8n-nodes-base.telegram","errorMessage":"Bad request - please check your parameters"}}
{"__type":"$$EventMessageConfirm","confirm":"86711794-f2b6-4025-9794-e031cf8cccc6","ts":"2026-06-18T11:07:49.493-04:00","source":{"id":"0","name":"eventBus"}}
{"__type":"$$EventMessageWorkflow","id":"c3965c28-eb13-45dd-9766-9c0f76ac88ca","ts":"2026-06-18T15:12:56.520-04:00","eventName":"n8n.workflow.started","message":"n8n.workflow.started","payload":{"executionId":"84","workflowId":"KB20fsqtZuhSVIa3","isManual":false,"workflowName":"send docpdf"}}
{"__type":"$$EventMessageConfirm","confirm":"c3965c28-eb13-45dd-9766-9c0f76ac88ca","ts":"2026-06-18T15:12:56.521-04:00","source":{"id":"0","name":"eventBus"}}
{"__type":"$$EventMessageNode","id":"0fa527f6-8c21-402d-948d-c6d780d3bf8f","ts":"2026-06-18T15:12:56.521-04:00","eventName":"n8n.node.started","message":"n8n.node.started","payload":{"workflowId":"KB20fsqtZuhSVIa3","workflowName":"send docpdf","executionId":"84","nodeType":"n8n-nodes-base.webhook","nodeName":"Webhook","nodeId":"b4780fb6-0160-486d-ae7d-e46ece39ae0a"}}
{"__type":"$$EventMessageConfirm","confirm":"0fa527f6-8c21-402d-948d-c6d780d3bf8f","ts":"2026-06-18T15:12:56.522-04:00","source":{"id":"0","name":"eventBus"}}
{"__type":"$$EventMessageNode","id":"d6674427-c572-4694-8a85-b35a09384fca","ts":"2026-06-18T15:12:56.523-04:00","eventName":"n8n.node.finished","message":"n8n.node.finished","payload":{"workflowId":"KB20fsqtZuhSVIa3","workflowName":"send docpdf","executionId":"84","nodeType":"n8n-nodes-base.webhook","nodeName":"Webhook","nodeId":"b4780fb6-0160-486d-ae7d-e46ece39ae0a"}}
{"__type":"$$EventMessageConfirm","confirm":"d6674427-c572-4694-8a85-b35a09384fca","ts":"2026-06-18T15:12:56.523-04:00","source":{"id":"0","name":"eventBus"}}
{"__type":"$$EventMessageNode","id":"39103b13-5717-4f3b-9a09-a3d0123131e4","ts":"2026-06-18T15:12:56.523-04:00","eventName":"n8n.node.started","message":"n8n.node.started","payload":{"workflowId":"KB20fsqtZuhSVIa3","workflowName":"send docpdf","executionId":"84","nodeType":"n8n-nodes-base.telegram","nodeName":"Send DOCX","nodeId":"80c943fe-3b94-4712-a470-7c85d3b13742"}}
{"__type":"$$EventMessageConfirm","confirm":"39103b13-5717-4f3b-9a09-a3d0123131e4","ts":"2026-06-18T15:12:56.523-04:00","source":{"id":"0","name":"eventBus"}}
{"__type":"$$EventMessageNode","id":"495e2917-e0bc-40e5-9d0c-2b3db3828d74","ts":"2026-06-18T15:12:58.542-04:00","eventName":"n8n.node.finished","message":"n8n.node.finished","payload":{"workflowId":"KB20fsqtZuhSVIa3","workflowName":"send docpdf","executionId":"84","nodeType":"n8n-nodes-base.telegram","nodeName":"Send DOCX","nodeId":"80c943fe-3b94-4712-a470-7c85d3b13742"}}
{"__type":"$$EventMessageConfirm","confirm":"495e2917-e0bc-40e5-9d0c-2b3db3828d74","ts":"2026-06-18T15:12:58.543-04:00","source":{"id":"0","name":"eventBus"}}
{"__type":"$$EventMessageNode","id":"06c4c6a9-4470-4136-9e73-2de6e7fb580b","ts":"2026-06-18T15:12:58.543-04:00","eventName":"n8n.node.started","message":"n8n.node.started","payload":{"workflowId":"KB20fsqtZuhSVIa3","workflowName":"send docpdf","executionId":"84","nodeType":"n8n-nodes-base.telegram","nodeName":"Send PDF (Private)","nodeId":"3d7c5682-2538-45ae-b64d-71622d3cdeee"}}
{"__type":"$$EventMessageConfirm","confirm":"06c4c6a9-4470-4136-9e73-2de6e7fb580b","ts":"2026-06-18T15:12:58.543-04:00","source":{"id":"0","name":"eventBus"}}
{"__type":"$$EventMessageNode","id":"dc17abea-7e4c-4447-a92e-48bfa0e19dbc","ts":"2026-06-18T15:12:59.591-04:00","eventName":"n8n.node.finished","message":"n8n.node.finished","payload":{"workflowId":"KB20fsqtZuhSVIa3","workflowName":"send docpdf","executionId":"84","nodeType":"n8n-nodes-base.telegram","nodeName":"Send PDF (Private)","nodeId":"3d7c5682-2538-45ae-b64d-71622d3cdeee"}}
{"__type":"$$EventMessageConfirm","confirm":"dc17abea-7e4c-4447-a92e-48bfa0e19dbc","ts":"2026-06-18T15:12:59.591-04:00","source":{"id":"0","name":"eventBus"}}
{"__type":"$$EventMessageNode","id":"c3727bf4-f7d7-4406-bf78-b1d4048ee6c7","ts":"2026-06-18T15:12:59.592-04:00","eventName":"n8n.node.started","message":"n8n.node.started","payload":{"workflowId":"KB20fsqtZuhSVIa3","workflowName":"send docpdf","executionId":"84","nodeType":"n8n-nodes-base.telegram","nodeName":"Send a text message","nodeId":"db31f1b0-d2ef-495b-944b-0978153f8ac3"}}
{"__type":"$$EventMessageConfirm","confirm":"c3727bf4-f7d7-4406-bf78-b1d4048ee6c7","ts":"2026-06-18T15:12:59.592-04:00","source":{"id":"0","name":"eventBus"}}
{"__type":"$$EventMessageNode","id":"ff34a725-42bd-45d0-8de1-ca2a48ef8230","ts":"2026-06-18T15:13:00.152-04:00","eventName":"n8n.node.finished","message":"n8n.node.finished","payload":{"workflowId":"KB20fsqtZuhSVIa3","workflowName":"send docpdf","executionId":"84","nodeType":"n8n-nodes-base.telegram","nodeName":"Send a text message","nodeId":"db31f1b0-d2ef-495b-944b-0978153f8ac3"}}
{"__type":"$$EventMessageConfirm","confirm":"ff34a725-42bd-45d0-8de1-ca2a48ef8230","ts":"2026-06-18T15:13:00.152-04:00","source":{"id":"0","name":"eventBus"}}
{"__type":"$$EventMessageWorkflow","id":"715ba2e2-f11e-487d-b363-80cc16b84cdd","ts":"2026-06-18T15:13:00.154-04:00","eventName":"n8n.workflow.failed","message":"n8n.workflow.failed","payload":{"executionId":"84","success":false,"isManual":false,"workflowId":"KB20fsqtZuhSVIa3","workflowName":"send docpdf","lastNodeExecuted":"Send a text message","errorNodeType":"n8n-nodes-base.telegram","errorMessage":"Bad request - please check your parameters"}}
{"__type":"$$EventMessageConfirm","confirm":"715ba2e2-f11e-487d-b363-80cc16b84cdd","ts":"2026-06-18T15:13:00.155-04:00","source":{"id":"0","name":"eventBus"}}
{"__type":"$$EventMessageWorkflow","id":"d6014d2e-46e6-4f45-b8ad-cbfb071f6698","ts":"2026-06-18T15:14:54.655-04:00","eventName":"n8n.workflow.started","message":"n8n.workflow.started","payload":{"executionId":"85","workflowId":"KB20fsqtZuhSVIa3","isManual":false,"workflowName":"send docpdf"}}
{"__type":"$$EventMessageConfirm","confirm":"d6014d2e-46e6-4f45-b8ad-cbfb071f6698","ts":"2026-06-18T15:14:54.656-04:00","source":{"id":"0","name":"eventBus"}}
{"__type":"$$EventMessageNode","id":"fc8230ee-706a-49f9-9314-3a9ba78b46af","ts":"2026-06-18T15:14:54.656-04:00","eventName":"n8n.node.started","message":"n8n.node.started","payload":{"workflowId":"KB20fsqtZuhSVIa3","workflowName":"send docpdf","executionId":"85","nodeType":"n8n-nodes-base.webhook","nodeName":"Webhook","nodeId":"b4780fb6-0160-486d-ae7d-e46ece39ae0a"}}
{"__type":"$$EventMessageConfirm","confirm":"fc8230ee-706a-49f9-9314-3a9ba78b46af","ts":"2026-06-18T15:14:54.656-04:00","source":{"id":"0","name":"eventBus"}}
{"__type":"$$EventMessageNode","id":"06c6cab8-2122-4d08-b4c6-3a1b206ae187","ts":"2026-06-18T15:14:54.657-04:00","eventName":"n8n.node.finished","message":"n8n.node.finished","payload":{"workflowId":"KB20fsqtZuhSVIa3","workflowName":"send docpdf","executionId":"85","nodeType":"n8n-nodes-base.webhook","nodeName":"Webhook","nodeId":"b4780fb6-0160-486d-ae7d-e46ece39ae0a"}}
{"__type":"$$EventMessageConfirm","confirm":"06c6cab8-2122-4d08-b4c6-3a1b206ae187","ts":"2026-06-18T15:14:54.657-04:00","source":{"id":"0","name":"eventBus"}}
{"__type":"$$EventMessageNode","id":"7aeba5ea-dff6-45af-923f-c0186e76cab5","ts":"2026-06-18T15:14:54.657-04:00","eventName":"n8n.node.started","message":"n8n.node.started","payload":{"workflowId":"KB20fsqtZuhSVIa3","workflowName":"send docpdf","executionId":"85","nodeType":"n8n-nodes-base.telegram","nodeName":"Send DOCX","nodeId":"80c943fe-3b94-4712-a470-7c85d3b13742"}}
{"__type":"$$EventMessageConfirm","confirm":"7aeba5ea-dff6-45af-923f-c0186e76cab5","ts":"2026-06-18T15:14:54.657-04:00","source":{"id":"0","name":"eventBus"}}
{"__type":"$$EventMessageNode","id":"c2e3ba38-f1a1-48bc-bbc8-21aadc9fc3dd","ts":"2026-06-18T15:14:55.927-04:00","eventName":"n8n.node.finished","message":"n8n.node.finished","payload":{"workflowId":"KB20fsqtZuhSVIa3","workflowName":"send docpdf","executionId":"85","nodeType":"n8n-nodes-base.telegram","nodeName":"Send DOCX","nodeId":"80c943fe-3b94-4712-a470-7c85d3b13742"}}
{"__type":"$$EventMessageConfirm","confirm":"c2e3ba38-f1a1-48bc-bbc8-21aadc9fc3dd","ts":"2026-06-18T15:14:55.927-04:00","source":{"id":"0","name":"eventBus"}}
{"__type":"$$EventMessageNode","id":"f8603d5e-4ca2-4012-bb4a-e3c4ad9878c2","ts":"2026-06-18T15:14:55.928-04:00","eventName":"n8n.node.started","message":"n8n.node.started","payload":{"workflowId":"KB20fsqtZuhSVIa3","workflowName":"send docpdf","executionId":"85","nodeType":"n8n-nodes-base.telegram","nodeName":"Send PDF (Private)","nodeId":"3d7c5682-2538-45ae-b64d-71622d3cdeee"}}
{"__type":"$$EventMessageConfirm","confirm":"f8603d5e-4ca2-4012-bb4a-e3c4ad9878c2","ts":"2026-06-18T15:14:55.929-04:00","source":{"id":"0","name":"eventBus"}}
{"__type":"$$EventMessageNode","id":"2c379dcf-37d7-4bc3-a731-6d134e9929f6","ts":"2026-06-18T15:14:57.355-04:00","eventName":"n8n.node.finished","message":"n8n.node.finished","payload":{"workflowId":"KB20fsqtZuhSVIa3","workflowName":"send docpdf","executionId":"85","nodeType":"n8n-nodes-base.telegram","nodeName":"Send PDF (Private)","nodeId":"3d7c5682-2538-45ae-b64d-71622d3cdeee"}}
{"__type":"$$EventMessageConfirm","confirm":"2c379dcf-37d7-4bc3-a731-6d134e9929f6","ts":"2026-06-18T15:14:57.355-04:00","source":{"id":"0","name":"eventBus"}}
{"__type":"$$EventMessageNode","id":"3df3e8d9-13e1-44f4-b36f-ccf6bb945d05","ts":"2026-06-18T15:14:57.355-04:00","eventName":"n8n.node.started","message":"n8n.node.started","payload":{"workflowId":"KB20fsqtZuhSVIa3","workflowName":"send docpdf","executionId":"85","nodeType":"n8n-nodes-base.telegram","nodeName":"Send a text message","nodeId":"db31f1b0-d2ef-495b-944b-0978153f8ac3"}}
{"__type":"$$EventMessageConfirm","confirm":"3df3e8d9-13e1-44f4-b36f-ccf6bb945d05","ts":"2026-06-18T15:14:57.356-04:00","source":{"id":"0","name":"eventBus"}}
{"__type":"$$EventMessageNode","id":"e7515cb5-1e23-4406-80e2-e9a636a7c4cd","ts":"2026-06-18T15:14:58.032-04:00","eventName":"n8n.node.finished","message":"n8n.node.finished","payload":{"workflowId":"KB20fsqtZuhSVIa3","workflowName":"send docpdf","executionId":"85","nodeType":"n8n-nodes-base.telegram","nodeName":"Send a text message","nodeId":"db31f1b0-d2ef-495b-944b-0978153f8ac3"}}
{"__type":"$$EventMessageConfirm","confirm":"e7515cb5-1e23-4406-80e2-e9a636a7c4cd","ts":"2026-06-18T15:14:58.033-04:00","source":{"id":"0","name":"eventBus"}}
{"__type":"$$EventMessageWorkflow","id":"1e8b352e-ceb2-4f09-83f9-c71c0e277015","ts":"2026-06-18T15:14:58.033-04:00","eventName":"n8n.workflow.failed","message":"n8n.workflow.failed","payload":{"executionId":"85","success":false,"isManual":false,"workflowId":"KB20fsqtZuhSVIa3","workflowName":"send docpdf","lastNodeExecuted":"Send a text message","errorNodeType":"n8n-nodes-base.telegram","errorMessage":"Bad request - please check your parameters"}}
{"__type":"$$EventMessageConfirm","confirm":"1e8b352e-ceb2-4f09-83f9-c71c0e277015","ts":"2026-06-18T15:14:58.033-04:00","source":{"id":"0","name":"eventBus"}}
