{"__type":"$$EventMessageWorkflow","id":"a54ad253-d70e-44e1-b8c0-a3783d2ec5f2","ts":"2026-06-22T06:56:40.727-04:00","eventName":"n8n.workflow.started","message":"n8n.workflow.started","payload":{"executionId":"86","workflowId":"xMMTCrwnbTlj8uNm","isManual":false,"workflowName":"المواعيد"}}
{"__type":"$$EventMessageConfirm","confirm":"a54ad253-d70e-44e1-b8c0-a3783d2ec5f2","ts":"2026-06-22T06:56:40.728-04:00","source":{"id":"0","name":"eventBus"}}
{"__type":"$$EventMessageNode","id":"247ba224-01ca-4698-843b-cab69a766c9c","ts":"2026-06-22T06:56:40.730-04:00","eventName":"n8n.node.started","message":"n8n.node.started","payload":{"workflowId":"xMMTCrwnbTlj8uNm","workflowName":"المواعيد","executionId":"86","nodeType":"n8n-nodes-base.webhook","nodeName":"Webhook","nodeId":"c72122ae-01b8-4d30-a95a-0a208cac2d91"}}
{"__type":"$$EventMessageConfirm","confirm":"247ba224-01ca-4698-843b-cab69a766c9c","ts":"2026-06-22T06:56:40.731-04:00","source":{"id":"0","name":"eventBus"}}
{"__type":"$$EventMessageNode","id":"55e9ea39-0a49-41b4-981a-af81662a7ee0","ts":"2026-06-22T06:56:40.736-04:00","eventName":"n8n.node.finished","message":"n8n.node.finished","payload":{"workflowId":"xMMTCrwnbTlj8uNm","workflowName":"المواعيد","executionId":"86","nodeType":"n8n-nodes-base.webhook","nodeName":"Webhook","nodeId":"c72122ae-01b8-4d30-a95a-0a208cac2d91"}}
{"__type":"$$EventMessageConfirm","confirm":"55e9ea39-0a49-41b4-981a-af81662a7ee0","ts":"2026-06-22T06:56:40.737-04:00","source":{"id":"0","name":"eventBus"}}
{"__type":"$$EventMessageNode","id":"96ffb753-f56b-4597-9874-360b92ddaba8","ts":"2026-06-22T06:56:40.738-04:00","eventName":"n8n.node.started","message":"n8n.node.started","payload":{"workflowId":"xMMTCrwnbTlj8uNm","workflowName":"المواعيد","executionId":"86","nodeType":"n8n-nodes-base.googleSheets","nodeName":"Get row(s) in sheet","nodeId":"21a43a65-adcb-4357-9422-5dae7dc4ed1e"}}
{"__type":"$$EventMessageConfirm","confirm":"96ffb753-f56b-4597-9874-360b92ddaba8","ts":"2026-06-22T06:56:40.739-04:00","source":{"id":"0","name":"eventBus"}}
{"__type":"$$EventMessageNode","id":"a24c8246-b96c-4531-949f-d22b3295b598","ts":"2026-06-22T06:56:43.289-04:00","eventName":"n8n.node.finished","message":"n8n.node.finished","payload":{"workflowId":"xMMTCrwnbTlj8uNm","workflowName":"المواعيد","executionId":"86","nodeType":"n8n-nodes-base.googleSheets","nodeName":"Get row(s) in sheet","nodeId":"21a43a65-adcb-4357-9422-5dae7dc4ed1e"}}
{"__type":"$$EventMessageConfirm","confirm":"a24c8246-b96c-4531-949f-d22b3295b598","ts":"2026-06-22T06:56:43.289-04:00","source":{"id":"0","name":"eventBus"}}
{"__type":"$$EventMessageNode","id":"ab212a56-694c-4324-bc1b-0efec7d04a1d","ts":"2026-06-22T06:56:43.289-04:00","eventName":"n8n.node.started","message":"n8n.node.started","payload":{"workflowId":"xMMTCrwnbTlj8uNm","workflowName":"المواعيد","executionId":"86","nodeType":"n8n-nodes-base.code","nodeName":"Code in JavaScript","nodeId":"6e745e0e-63bb-47c7-a657-7f09db94e0b0"}}
{"__type":"$$EventMessageConfirm","confirm":"ab212a56-694c-4324-bc1b-0efec7d04a1d","ts":"2026-06-22T06:56:43.290-04:00","source":{"id":"0","name":"eventBus"}}
{"__type":"$$EventMessageNode","id":"c60b4fa2-5ba3-4846-962d-3d522b9e213a","ts":"2026-06-22T06:56:43.380-04:00","eventName":"n8n.node.finished","message":"n8n.node.finished","payload":{"workflowId":"xMMTCrwnbTlj8uNm","workflowName":"المواعيد","executionId":"86","nodeType":"n8n-nodes-base.code","nodeName":"Code in JavaScript","nodeId":"6e745e0e-63bb-47c7-a657-7f09db94e0b0"}}
{"__type":"$$EventMessageConfirm","confirm":"c60b4fa2-5ba3-4846-962d-3d522b9e213a","ts":"2026-06-22T06:56:43.381-04:00","source":{"id":"0","name":"eventBus"}}
{"__type":"$$EventMessageNode","id":"7e6056fc-1036-475b-8c6f-1562b717caa2","ts":"2026-06-22T06:56:43.382-04:00","eventName":"n8n.node.started","message":"n8n.node.started","payload":{"workflowId":"xMMTCrwnbTlj8uNm","workflowName":"المواعيد","executionId":"86","nodeType":"n8n-nodes-base.code","nodeName":"Code in JavaScript1","nodeId":"69a49c31-8e26-4893-8581-71ca979e4ad2"}}
{"__type":"$$EventMessageConfirm","confirm":"7e6056fc-1036-475b-8c6f-1562b717caa2","ts":"2026-06-22T06:56:43.382-04:00","source":{"id":"0","name":"eventBus"}}
{"__type":"$$EventMessageNode","id":"0cd6632c-2c3d-4f45-825b-a6496e52486b","ts":"2026-06-22T06:56:43.412-04:00","eventName":"n8n.node.finished","message":"n8n.node.finished","payload":{"workflowId":"xMMTCrwnbTlj8uNm","workflowName":"المواعيد","executionId":"86","nodeType":"n8n-nodes-base.code","nodeName":"Code in JavaScript1","nodeId":"69a49c31-8e26-4893-8581-71ca979e4ad2"}}
{"__type":"$$EventMessageConfirm","confirm":"0cd6632c-2c3d-4f45-825b-a6496e52486b","ts":"2026-06-22T06:56:43.412-04:00","source":{"id":"0","name":"eventBus"}}
{"__type":"$$EventMessageNode","id":"f65bfad6-d257-413f-95f8-3bbd45006eab","ts":"2026-06-22T06:56:43.414-04:00","eventName":"n8n.node.started","message":"n8n.node.started","payload":{"workflowId":"xMMTCrwnbTlj8uNm","workflowName":"المواعيد","executionId":"86","nodeType":"n8n-nodes-base.code","nodeName":"Code in JavaScript2","nodeId":"7cadb54a-a7f3-407b-b1ca-69db5bd4ed2e"}}
{"__type":"$$EventMessageConfirm","confirm":"f65bfad6-d257-413f-95f8-3bbd45006eab","ts":"2026-06-22T06:56:43.414-04:00","source":{"id":"0","name":"eventBus"}}
{"__type":"$$EventMessageNode","id":"9790f25b-f659-43d2-9671-2b3374e4d7ba","ts":"2026-06-22T06:56:43.443-04:00","eventName":"n8n.node.finished","message":"n8n.node.finished","payload":{"workflowId":"xMMTCrwnbTlj8uNm","workflowName":"المواعيد","executionId":"86","nodeType":"n8n-nodes-base.code","nodeName":"Code in JavaScript2","nodeId":"7cadb54a-a7f3-407b-b1ca-69db5bd4ed2e"}}
{"__type":"$$EventMessageConfirm","confirm":"9790f25b-f659-43d2-9671-2b3374e4d7ba","ts":"2026-06-22T06:56:43.443-04:00","source":{"id":"0","name":"eventBus"}}
{"__type":"$$EventMessageWorkflow","id":"295c4a54-508e-44cb-984f-dd21217ea644","ts":"2026-06-22T06:56:43.448-04:00","eventName":"n8n.workflow.success","message":"n8n.workflow.success","payload":{"executionId":"86","success":true,"isManual":false,"workflowId":"xMMTCrwnbTlj8uNm","workflowName":"المواعيد"}}
{"__type":"$$EventMessageConfirm","confirm":"295c4a54-508e-44cb-984f-dd21217ea644","ts":"2026-06-22T06:56:43.449-04:00","source":{"id":"0","name":"eventBus"}}
